2025-08-17 17:59:03,909 - INFO - [exection.py:57] - Started process time start_time = 1755433743.9055169
2025-08-17 17:59:03,910 - INFO - [exection.py:58] - Log file has created and file name is logs_security_wise_archive_ALL_ANNOUNCEMENTS_data_17082025_175903.log
2025-08-17 17:59:03,910 - INFO - [exection.py:59] - Selected Input Option :: ALL_ANNOUNCEMENTS
2025-08-17 17:59:04,237 - INFO - [corporate_announcements.py:30] - Started writing data to CSV
2025-08-17 17:59:04,639 - INFO - [corporate_announcements.py:121] - downloadPath = F://BSEReports//announcements//17082025//PdfReports//533638_FLEXITUFF_c8e93ef2-65bf-4b2e-ba5c-a311b18cfb9e.pdf
2025-08-17 17:59:04,661 - INFO - [corporate_announcements.py:122] - fileName= 533638_FLEXITUFF_c8e93ef2-65bf-4b2e-ba5c-a311b18cfb9e.pdf
2025-08-17 17:59:04,662 - INFO - [corporate_announcements.py:123] - attachmentUrl= https://www.bseindia.com/xml-data/corpfiling/AttachLive/c8e93ef2-65bf-4b2e-ba5c-a311b18cfb9e.pdf
2025-08-17 17:59:25,406 - INFO - [corporate_announcements.py:121] - downloadPath = F://BSEReports//announcements//17082025//PdfReports//523732__af9b38ef-d7b9-4218-9208-6ebd875f76cd.pdf
2025-08-17 17:59:25,406 - INFO - [corporate_announcements.py:122] - fileName= 523732__af9b38ef-d7b9-4218-9208-6ebd875f76cd.pdf
2025-08-17 17:59:25,406 - INFO - [corporate_announcements.py:123] - attachmentUrl= https://www.bseindia.com/xml-data/corpfiling/AttachLive/af9b38ef-d7b9-4218-9208-6ebd875f76cd.pdf
2025-08-17 17:59:26,631 - INFO - [corporate_announcements.py:121] - downloadPath = F://BSEReports//announcements//17082025//PdfReports//512026_VEGA_99c79e11-1791-4b06-8c62-2a8816a44a3d.pdf
2025-08-17 17:59:26,631 - INFO - [corporate_announcements.py:122] - fileName= 512026_VEGA_99c79e11-1791-4b06-8c62-2a8816a44a3d.pdf
2025-08-17 17:59:26,631 - INFO - [corporate_announcements.py:123] - attachmentUrl= https://www.bseindia.com/xml-data/corpfiling/AttachLive/99c79e11-1791-4b06-8c62-2a8816a44a3d.pdf
2025-08-17 17:59:27,727 - INFO - [corporate_announcements.py:121] - downloadPath = F://BSEReports//announcements//17082025//PdfReports//543732_RADIANTCMS_b09ecc15-9218-4b8a-8f0d-d89140d94921.pdf
2025-08-17 17:59:27,727 - INFO - [corporate_announcements.py:122] - fileName= 543732_RADIANTCMS_b09ecc15-9218-4b8a-8f0d-d89140d94921.pdf
2025-08-17 17:59:27,727 - INFO - [corporate_announcements.py:123] - attachmentUrl= https://www.bseindia.com/xml-data/corpfiling/AttachLive/b09ecc15-9218-4b8a-8f0d-d89140d94921.pdf
2025-08-17 17:59:28,588 - INFO - [corporate_announcements.py:121] - downloadPath = F://BSEReports//announcements//17082025//PdfReports//543653_BIKAJI_e34392e2-d07c-479c-b5bd-fc4603ffe227.pdf
2025-08-17 17:59:28,589 - INFO - [corporate_announcements.py:122] - fileName= 543653_BIKAJI_e34392e2-d07c-479c-b5bd-fc4603ffe227.pdf
2025-08-17 17:59:28,589 - INFO - [corporate_announcements.py:123] - attachmentUrl= https://www.bseindia.com/xml-data/corpfiling/AttachLive/e34392e2-d07c-479c-b5bd-fc4603ffe227.pdf
2025-08-17 17:59:29,072 - INFO - [corporate_announcements.py:121] - downloadPath = F://BSEReports//announcements//17082025//PdfReports//500238_WHIRLPOOL_9650a6c6-10b1-4af4-8992-49346577bf54.pdf
2025-08-17 17:59:29,073 - INFO - [corporate_announcements.py:122] - fileName= 500238_WHIRLPOOL_9650a6c6-10b1-4af4-8992-49346577bf54.pdf
2025-08-17 17:59:29,073 - INFO - [corporate_announcements.py:123] - attachmentUrl= https://www.bseindia.com/xml-data/corpfiling/AttachLive/9650a6c6-10b1-4af4-8992-49346577bf54.pdf
2025-08-17 17:59:30,378 - INFO - [corporate_announcements.py:121] - downloadPath = F://BSEReports//announcements//17082025//PdfReports//542759_SPANDANA_f4f692aa-4ce9-4fd1-9ed9-cd30c40986f4.pdf
2025-08-17 17:59:30,379 - INFO - [corporate_announcements.py:122] - fileName= 542759_SPANDANA_f4f692aa-4ce9-4fd1-9ed9-cd30c40986f4.pdf
2025-08-17 17:59:30,379 - INFO - [corporate_announcements.py:123] - attachmentUrl= https://www.bseindia.com/xml-data/corpfiling/AttachLive/f4f692aa-4ce9-4fd1-9ed9-cd30c40986f4.pdf
2025-08-17 17:59:31,533 - INFO - [corporate_announcements.py:121] - downloadPath = F://BSEReports//announcements//17082025//PdfReports//501148_DSINVEST_b47c737f-cdeb-4d5f-a760-790d93a2c533.pdf
2025-08-17 17:59:31,533 - INFO - [corporate_announcements.py:122] - fileName= 501148_DSINVEST_b47c737f-cdeb-4d5f-a760-790d93a2c533.pdf
2025-08-17 17:59:31,533 - INFO - [corporate_announcements.py:123] - attachmentUrl= https://www.bseindia.com/xml-data/corpfiling/AttachLive/b47c737f-cdeb-4d5f-a760-790d93a2c533.pdf
2025-08-17 17:59:42,022 - INFO - [corporate_announcements.py:121] - downloadPath = F://BSEReports//announcements//17082025//PdfReports//532911_PARLEIND_33c8b0b7-bbd2-46d2-a0a1-dc42f667f66b.pdf
2025-08-17 17:59:42,022 - INFO - [corporate_announcements.py:122] - fileName= 532911_PARLEIND_33c8b0b7-bbd2-46d2-a0a1-dc42f667f66b.pdf
2025-08-17 17:59:42,022 - INFO - [corporate_announcements.py:123] - attachmentUrl= https://www.bseindia.com/xml-data/corpfiling/AttachLive/33c8b0b7-bbd2-46d2-a0a1-dc42f667f66b.pdf
2025-08-17 17:59:42,718 - INFO - [corporate_announcements.py:121] - downloadPath = F://BSEReports//announcements//17082025//PdfReports//543358_SANSERA_936a2dd1-4272-4525-a9ee-61b57a61dc42.pdf
2025-08-17 17:59:42,718 - INFO - [corporate_announcements.py:122] - fileName= 543358_SANSERA_936a2dd1-4272-4525-a9ee-61b57a61dc42.pdf
2025-08-17 17:59:42,718 - INFO - [corporate_announcements.py:123] - attachmentUrl= https://www.bseindia.com/xml-data/corpfiling/AttachLive/936a2dd1-4272-4525-a9ee-61b57a61dc42.pdf
2025-08-17 17:59:53,303 - INFO - [corporate_announcements.py:121] - downloadPath = F://BSEReports//announcements//17082025//PdfReports//543652_FUSION_c9e8c7d0-c1be-4548-a7f6-eecfcbbcafed.pdf
2025-08-17 17:59:53,303 - INFO - [corporate_announcements.py:122] - fileName= 543652_FUSION_c9e8c7d0-c1be-4548-a7f6-eecfcbbcafed.pdf
2025-08-17 17:59:53,304 - INFO - [corporate_announcements.py:123] - attachmentUrl= https://www.bseindia.com/xml-data/corpfiling/AttachLive/c9e8c7d0-c1be-4548-a7f6-eecfcbbcafed.pdf
2025-08-17 17:59:53,869 - INFO - [corporate_announcements.py:121] - downloadPath = F://BSEReports//announcements//17082025//PdfReports//541228_TRL_6e9bbe71-a138-4d78-984f-10c73dd2635c.pdf
2025-08-17 17:59:53,869 - INFO - [corporate_announcements.py:122] - fileName= 541228_TRL_6e9bbe71-a138-4d78-984f-10c73dd2635c.pdf
2025-08-17 17:59:53,869 - INFO - [corporate_announcements.py:123] - attachmentUrl= https://www.bseindia.com/xml-data/corpfiling/AttachLive/6e9bbe71-a138-4d78-984f-10c73dd2635c.pdf
2025-08-17 17:59:55,698 - INFO - [corporate_announcements.py:121] - downloadPath = F://BSEReports//announcements//17082025//PdfReports//543652_FUSION_a37ff26c-0e03-494f-b32c-97b0abb0e780.pdf
2025-08-17 17:59:55,698 - INFO - [corporate_announcements.py:122] - fileName= 543652_FUSION_a37ff26c-0e03-494f-b32c-97b0abb0e780.pdf
2025-08-17 17:59:55,698 - INFO - [corporate_announcements.py:123] - attachmentUrl= https://www.bseindia.com/xml-data/corpfiling/AttachLive/a37ff26c-0e03-494f-b32c-97b0abb0e780.pdf
2025-08-17 17:59:56,135 - INFO - [corporate_announcements.py:121] - downloadPath = F://BSEReports//announcements//17082025//PdfReports//543652_FUSION_51de8cc5-f1ec-49ad-a7cf-2c3844ba0b8c.pdf
2025-08-17 17:59:56,135 - INFO - [corporate_announcements.py:122] - fileName= 543652_FUSION_51de8cc5-f1ec-49ad-a7cf-2c3844ba0b8c.pdf
2025-08-17 17:59:56,135 - INFO - [corporate_announcements.py:123] - attachmentUrl= https://www.bseindia.com/xml-data/corpfiling/AttachLive/51de8cc5-f1ec-49ad-a7cf-2c3844ba0b8c.pdf
2025-08-17 17:59:57,431 - INFO - [corporate_announcements.py:121] - downloadPath = F://BSEReports//announcements//17082025//PdfReports//543652_FUSION_c8df756a-af3f-4e54-9502-418ed1368145.pdf
2025-08-17 17:59:57,623 - INFO - [corporate_announcements.py:122] - fileName= 543652_FUSION_c8df756a-af3f-4e54-9502-418ed1368145.pdf
2025-08-17 17:59:57,623 - INFO - [corporate_announcements.py:123] - attachmentUrl= https://www.bseindia.com/xml-data/corpfiling/AttachLive/c8df756a-af3f-4e54-9502-418ed1368145.pdf
2025-08-17 18:00:17,982 - INFO - [corporate_announcements.py:121] - downloadPath = F://BSEReports//announcements//17082025//PdfReports//532379__b069fe5b-471b-44b7-89fc-14b29d665bdb.pdf
2025-08-17 18:00:17,983 - INFO - [corporate_announcements.py:122] - fileName= 532379__b069fe5b-471b-44b7-89fc-14b29d665bdb.pdf
2025-08-17 18:00:17,983 - INFO - [corporate_announcements.py:123] - attachmentUrl= https://www.bseindia.com/xml-data/corpfiling/AttachLive/b069fe5b-471b-44b7-89fc-14b29d665bdb.pdf
2025-08-17 18:00:19,624 - INFO - [corporate_announcements.py:121] - downloadPath = F://BSEReports//announcements//17082025//PdfReports//526365_SWARNSAR_f2444813-8a71-4e81-a836-077b0bd33a01.pdf
2025-08-17 18:00:19,625 - INFO - [corporate_announcements.py:122] - fileName= 526365_SWARNSAR_f2444813-8a71-4e81-a836-077b0bd33a01.pdf
2025-08-17 18:00:19,625 - INFO - [corporate_announcements.py:123] - attachmentUrl= https://www.bseindia.com/xml-data/corpfiling/AttachLive/f2444813-8a71-4e81-a836-077b0bd33a01.pdf
2025-08-17 18:00:20,750 - INFO - [corporate_announcements.py:121] - downloadPath = F://BSEReports//announcements//17082025//PdfReports//530977_SKCIL_87b97aea-6eae-4666-a905-748e482c60ec.pdf
2025-08-17 18:00:20,750 - INFO - [corporate_announcements.py:122] - fileName= 530977_SKCIL_87b97aea-6eae-4666-a905-748e482c60ec.pdf
2025-08-17 18:00:20,750 - INFO - [corporate_announcements.py:123] - attachmentUrl= https://www.bseindia.com/xml-data/corpfiling/AttachLive/87b97aea-6eae-4666-a905-748e482c60ec.pdf
2025-08-17 18:00:21,205 - INFO - [corporate_announcements.py:121] - downloadPath = F://BSEReports//announcements//17082025//PdfReports//500547_BPCL_267a1542-c0b8-4653-8846-3d39c1eb0614.pdf
2025-08-17 18:00:21,206 - INFO - [corporate_announcements.py:122] - fileName= 500547_BPCL_267a1542-c0b8-4653-8846-3d39c1eb0614.pdf
2025-08-17 18:00:21,206 - INFO - [corporate_announcements.py:123] - attachmentUrl= https://www.bseindia.com/xml-data/corpfiling/AttachLive/267a1542-c0b8-4653-8846-3d39c1eb0614.pdf
2025-08-17 18:00:21,624 - INFO - [corporate_announcements.py:121] - downloadPath = F://BSEReports//announcements//17082025//PdfReports//543732_RADIANTCMS_869ab581-d733-412a-91b0-123518cc2fab.pdf
2025-08-17 18:00:21,624 - INFO - [corporate_announcements.py:122] - fileName= 543732_RADIANTCMS_869ab581-d733-412a-91b0-123518cc2fab.pdf
2025-08-17 18:00:21,624 - INFO - [corporate_announcements.py:123] - attachmentUrl= https://www.bseindia.com/xml-data/corpfiling/AttachLive/869ab581-d733-412a-91b0-123518cc2fab.pdf
2025-08-17 18:00:41,956 - INFO - [corporate_announcements.py:121] - downloadPath = F://BSEReports//announcements//17082025//PdfReports//526827__98c56b1a-b4e1-40c3-ac9e-85fa442819d8.pdf
2025-08-17 18:00:41,956 - INFO - [corporate_announcements.py:122] - fileName= 526827__98c56b1a-b4e1-40c3-ac9e-85fa442819d8.pdf
2025-08-17 18:00:41,956 - INFO - [corporate_announcements.py:123] - attachmentUrl= https://www.bseindia.com/xml-data/corpfiling/AttachLive/98c56b1a-b4e1-40c3-ac9e-85fa442819d8.pdf
2025-08-17 18:00:42,972 - INFO - [corporate_announcements.py:121] - downloadPath = F://BSEReports//announcements//17082025//PdfReports//531548_SOMANYCERA_a725587a-f24f-4900-9f00-0dff83c32c70.pdf
2025-08-17 18:00:42,972 - INFO - [corporate_announcements.py:122] - fileName= 531548_SOMANYCERA_a725587a-f24f-4900-9f00-0dff83c32c70.pdf
2025-08-17 18:00:42,972 - INFO - [corporate_announcements.py:123] - attachmentUrl= https://www.bseindia.com/xml-data/corpfiling/AttachLive/a725587a-f24f-4900-9f00-0dff83c32c70.pdf
2025-08-17 18:00:43,604 - INFO - [corporate_announcements.py:121] - downloadPath = F://BSEReports//announcements//17082025//PdfReports//503169_RUBYMILLS_0529476e-d2d3-43b3-b14b-2c8c48bd7450.pdf
2025-08-17 18:00:43,604 - INFO - [corporate_announcements.py:122] - fileName= 503169_RUBYMILLS_0529476e-d2d3-43b3-b14b-2c8c48bd7450.pdf
2025-08-17 18:00:43,604 - INFO - [corporate_announcements.py:123] - attachmentUrl= https://www.bseindia.com/xml-data/corpfiling/AttachLive/0529476e-d2d3-43b3-b14b-2c8c48bd7450.pdf
2025-08-17 18:00:44,941 - INFO - [corporate_announcements.py:121] - downloadPath = F://BSEReports//announcements//17082025//PdfReports//530309_CHANDRAP_33a42862-cadf-4b7e-9586-9e0ef127cb08.pdf
2025-08-17 18:00:44,941 - INFO - [corporate_announcements.py:122] - fileName= 530309_CHANDRAP_33a42862-cadf-4b7e-9586-9e0ef127cb08.pdf
2025-08-17 18:00:44,941 - INFO - [corporate_announcements.py:123] - attachmentUrl= https://www.bseindia.com/xml-data/corpfiling/AttachLive/33a42862-cadf-4b7e-9586-9e0ef127cb08.pdf
2025-08-17 18:00:45,842 - INFO - [corporate_announcements.py:121] - downloadPath = F://BSEReports//announcements//17082025//PdfReports//532497_RADICO_c280dd03-c892-4549-943e-5767a9ad4e73.pdf
2025-08-17 18:00:45,843 - INFO - [corporate_announcements.py:122] - fileName= 532497_RADICO_c280dd03-c892-4549-943e-5767a9ad4e73.pdf
2025-08-17 18:00:45,843 - INFO - [corporate_announcements.py:123] - attachmentUrl= https://www.bseindia.com/xml-data/corpfiling/AttachLive/c280dd03-c892-4549-943e-5767a9ad4e73.pdf
2025-08-17 18:00:46,273 - INFO - [corporate_announcements.py:121] - downloadPath = F://BSEReports//announcements//17082025//PdfReports//544386_SPECTRUM_263aa4b6-0abf-4a72-8507-85d1cb6a49c9.pdf
2025-08-17 18:00:46,274 - INFO - [corporate_announcements.py:122] - fileName= 544386_SPECTRUM_263aa4b6-0abf-4a72-8507-85d1cb6a49c9.pdf
2025-08-17 18:00:46,274 - INFO - [corporate_announcements.py:123] - attachmentUrl= https://www.bseindia.com/xml-data/corpfiling/AttachLive/263aa4b6-0abf-4a72-8507-85d1cb6a49c9.pdf
2025-08-17 18:00:46,717 - INFO - [corporate_announcements.py:121] - downloadPath = F://BSEReports//announcements//17082025//PdfReports//541336_INDOSTAR_8f13a86c-6fef-4fda-b14b-b21ebc4ec9fe.pdf
2025-08-17 18:00:46,717 - INFO - [corporate_announcements.py:122] - fileName= 541336_INDOSTAR_8f13a86c-6fef-4fda-b14b-b21ebc4ec9fe.pdf
2025-08-17 18:00:46,717 - INFO - [corporate_announcements.py:123] - attachmentUrl= https://www.bseindia.com/xml-data/corpfiling/AttachLive/8f13a86c-6fef-4fda-b14b-b21ebc4ec9fe.pdf
2025-08-17 18:00:47,143 - INFO - [corporate_announcements.py:121] - downloadPath = F://BSEReports//announcements//17082025//PdfReports//501270_ANTARIKSH_8e943511-e23a-4c81-8f37-3d0ceaedd9bc.pdf
2025-08-17 18:00:47,143 - INFO - [corporate_announcements.py:122] - fileName= 501270_ANTARIKSH_8e943511-e23a-4c81-8f37-3d0ceaedd9bc.pdf
2025-08-17 18:00:47,143 - INFO - [corporate_announcements.py:123] - attachmentUrl= https://www.bseindia.com/xml-data/corpfiling/AttachLive/8e943511-e23a-4c81-8f37-3d0ceaedd9bc.pdf
2025-08-17 18:00:48,038 - INFO - [corporate_announcements.py:121] - downloadPath = F://BSEReports//announcements//17082025//PdfReports//532714_KEC_61305dff-3e1f-424f-aaf2-8d8c17a0e763.pdf
2025-08-17 18:00:48,038 - INFO - [corporate_announcements.py:122] - fileName= 532714_KEC_61305dff-3e1f-424f-aaf2-8d8c17a0e763.pdf
2025-08-17 18:00:48,038 - INFO - [corporate_announcements.py:123] - attachmentUrl= https://www.bseindia.com/xml-data/corpfiling/AttachLive/61305dff-3e1f-424f-aaf2-8d8c17a0e763.pdf
2025-08-17 18:00:59,426 - INFO - [corporate_announcements.py:121] - downloadPath = F://BSEReports//announcements//17082025//PdfReports//531471_DUKEOFS_e2a2acca-f292-48ce-9434-d43e83061320.pdf
2025-08-17 18:00:59,426 - INFO - [corporate_announcements.py:122] - fileName= 531471_DUKEOFS_e2a2acca-f292-48ce-9434-d43e83061320.pdf
2025-08-17 18:00:59,426 - INFO - [corporate_announcements.py:123] - attachmentUrl= https://www.bseindia.com/xml-data/corpfiling/AttachLive/e2a2acca-f292-48ce-9434-d43e83061320.pdf
2025-08-17 18:00:59,966 - INFO - [corporate_announcements.py:121] - downloadPath = F://BSEReports//announcements//17082025//PdfReports//544386_SPECTRUM_a9d3e43a-b8c6-4f54-8b19-3ccf2a2af2f1.pdf
2025-08-17 18:00:59,966 - INFO - [corporate_announcements.py:122] - fileName= 544386_SPECTRUM_a9d3e43a-b8c6-4f54-8b19-3ccf2a2af2f1.pdf
2025-08-17 18:00:59,966 - INFO - [corporate_announcements.py:123] - attachmentUrl= https://www.bseindia.com/xml-data/corpfiling/AttachLive/a9d3e43a-b8c6-4f54-8b19-3ccf2a2af2f1.pdf
2025-08-17 18:01:01,977 - INFO - [corporate_announcements.py:121] - downloadPath = F://BSEReports//announcements//17082025//PdfReports//532368_BCG_cabab898-eb11-48c0-928e-231c9f4c34a1.pdf
2025-08-17 18:01:01,977 - INFO - [corporate_announcements.py:122] - fileName= 532368_BCG_cabab898-eb11-48c0-928e-231c9f4c34a1.pdf
2025-08-17 18:01:01,977 - INFO - [corporate_announcements.py:123] - attachmentUrl= https://www.bseindia.com/xml-data/corpfiling/AttachLive/cabab898-eb11-48c0-928e-231c9f4c34a1.pdf
2025-08-17 18:01:02,537 - INFO - [corporate_announcements.py:121] - downloadPath = F://BSEReports//announcements//17082025//PdfReports//532210_CUB_68cc15b5-184c-46e2-8805-7abbcec3d1a5.pdf
2025-08-17 18:01:02,537 - INFO - [corporate_announcements.py:122] - fileName= 532210_CUB_68cc15b5-184c-46e2-8805-7abbcec3d1a5.pdf
2025-08-17 18:01:02,537 - INFO - [corporate_announcements.py:123] - attachmentUrl= https://www.bseindia.com/xml-data/corpfiling/AttachLive/68cc15b5-184c-46e2-8805-7abbcec3d1a5.pdf
2025-08-17 18:01:02,831 - INFO - [corporate_announcements.py:66] - Completed writing data to CSV
2025-08-17 18:01:02,831 - INFO - [corporate_announcements.py:67] - Successfully Saved the file to specified directory F://BSEReports//announcements//17082025//bse_ALL_ANNOUNCEMENTS_data_17082025_175903.csv
2025-08-17 18:09:55,123 - INFO - [exection.py:64] - Ended process time end_time = 1755434395.1229675
2025-08-17 18:09:55,123 - INFO - [exection.py:67] - Elapsed time: 10.85 minutes
