2025-08-17 21:32:49,759 - INFO - [exection.py:57] - Started process time start_time = 1755446569.758811
2025-08-17 21:32:49,759 - INFO - [exection.py:58] - Log file has created and file name is logs_security_wise_archive_ALL_ANNOUNCEMENTS_data_17082025_213249.log
2025-08-17 21:32:49,760 - INFO - [exection.py:59] - Selected Input Option :: ALL_ANNOUNCEMENTS
2025-08-17 21:32:49,928 - INFO - [corporate_announcements.py:30] - Started writing data to CSV
2025-08-17 21:32:50,109 - INFO - [corporate_announcements.py:121] - downloadPath = F://BSEReports//announcements//17082025//PdfReports//532386_CALSOFT_0caac857-47a0-4842-9fb8-4cfaeb9a6ba2.pdf
2025-08-17 21:32:50,111 - INFO - [corporate_announcements.py:122] - fileName= 532386_CALSOFT_0caac857-47a0-4842-9fb8-4cfaeb9a6ba2.pdf
2025-08-17 21:32:50,112 - INFO - [corporate_announcements.py:123] - attachmentUrl= https://www.bseindia.com/xml-data/corpfiling/AttachLive/0caac857-47a0-4842-9fb8-4cfaeb9a6ba2.pdf
2025-08-17 21:32:51,130 - INFO - [corporate_announcements.py:121] - downloadPath = F://BSEReports//announcements//17082025//PdfReports//505714_GABRIEL_dfc0909a-ca85-4402-af3e-f0440d631762.pdf
2025-08-17 21:32:51,130 - INFO - [corporate_announcements.py:122] - fileName= 505714_GABRIEL_dfc0909a-ca85-4402-af3e-f0440d631762.pdf
2025-08-17 21:32:51,130 - INFO - [corporate_announcements.py:123] - attachmentUrl= https://www.bseindia.com/xml-data/corpfiling/AttachLive/dfc0909a-ca85-4402-af3e-f0440d631762.pdf
2025-08-17 21:32:52,098 - INFO - [corporate_announcements.py:121] - downloadPath = F://BSEReports//announcements//17082025//PdfReports//543272_EASEMYTRIP_fd43cacb-2ff4-4b6e-bdd7-f9680021854a.pdf
2025-08-17 21:32:52,098 - INFO - [corporate_announcements.py:122] - fileName= 543272_EASEMYTRIP_fd43cacb-2ff4-4b6e-bdd7-f9680021854a.pdf
2025-08-17 21:32:52,098 - INFO - [corporate_announcements.py:123] - attachmentUrl= https://www.bseindia.com/xml-data/corpfiling/AttachLive/fd43cacb-2ff4-4b6e-bdd7-f9680021854a.pdf
2025-08-17 21:32:52,411 - INFO - [corporate_announcements.py:121] - downloadPath = F://BSEReports//announcements//17082025//PdfReports//544303_TTC_92ceb661-e1ee-4e12-8649-27322386ab6c.pdf
2025-08-17 21:32:52,522 - INFO - [corporate_announcements.py:122] - fileName= 544303_TTC_92ceb661-e1ee-4e12-8649-27322386ab6c.pdf
2025-08-17 21:32:52,523 - INFO - [corporate_announcements.py:123] - attachmentUrl= https://www.bseindia.com/xml-data/corpfiling/AttachLive/92ceb661-e1ee-4e12-8649-27322386ab6c.pdf
2025-08-17 21:32:52,938 - INFO - [corporate_announcements.py:121] - downloadPath = F://BSEReports//announcements//17082025//PdfReports//590022_EASTSILK_78c39200-61f5-4bc5-aab3-be675fd20dea.pdf
2025-08-17 21:32:52,939 - INFO - [corporate_announcements.py:122] - fileName= 590022_EASTSILK_78c39200-61f5-4bc5-aab3-be675fd20dea.pdf
2025-08-17 21:32:52,939 - INFO - [corporate_announcements.py:123] - attachmentUrl= https://www.bseindia.com/xml-data/corpfiling/AttachLive/78c39200-61f5-4bc5-aab3-be675fd20dea.pdf
2025-08-17 21:32:53,371 - INFO - [corporate_announcements.py:121] - downloadPath = F://BSEReports//announcements//17082025//PdfReports//500135_EPL_01192728-620c-4745-95e8-040a55a3b3dc.pdf
2025-08-17 21:32:53,372 - INFO - [corporate_announcements.py:122] - fileName= 500135_EPL_01192728-620c-4745-95e8-040a55a3b3dc.pdf
2025-08-17 21:32:53,372 - INFO - [corporate_announcements.py:123] - attachmentUrl= https://www.bseindia.com/xml-data/corpfiling/AttachLive/01192728-620c-4745-95e8-040a55a3b3dc.pdf
2025-08-17 21:32:54,323 - INFO - [corporate_announcements.py:121] - downloadPath = F://BSEReports//announcements//17082025//PdfReports//500470_TATASTEEL_1a91dc3f-521e-478b-a8a1-6580b70511e2.pdf
2025-08-17 21:32:54,324 - INFO - [corporate_announcements.py:122] - fileName= 500470_TATASTEEL_1a91dc3f-521e-478b-a8a1-6580b70511e2.pdf
2025-08-17 21:32:54,324 - INFO - [corporate_announcements.py:123] - attachmentUrl= https://www.bseindia.com/xml-data/corpfiling/AttachLive/1a91dc3f-521e-478b-a8a1-6580b70511e2.pdf
2025-08-17 21:32:55,070 - INFO - [corporate_announcements.py:121] - downloadPath = F://BSEReports//announcements//17082025//PdfReports//532779_TORNTPOWER_0ed53815-838f-4065-95ce-46ae3e3ef315.pdf
2025-08-17 21:32:55,070 - INFO - [corporate_announcements.py:122] - fileName= 532779_TORNTPOWER_0ed53815-838f-4065-95ce-46ae3e3ef315.pdf
2025-08-17 21:32:55,070 - INFO - [corporate_announcements.py:123] - attachmentUrl= https://www.bseindia.com/xml-data/corpfiling/AttachLive/0ed53815-838f-4065-95ce-46ae3e3ef315.pdf
2025-08-17 21:32:55,636 - INFO - [corporate_announcements.py:121] - downloadPath = F://BSEReports//announcements//17082025//PdfReports//500186_HINDOILEXP_69bf0f26-dcfb-42c7-8552-7ec21f3a1d09.pdf
2025-08-17 21:32:55,636 - INFO - [corporate_announcements.py:122] - fileName= 500186_HINDOILEXP_69bf0f26-dcfb-42c7-8552-7ec21f3a1d09.pdf
2025-08-17 21:32:55,636 - INFO - [corporate_announcements.py:123] - attachmentUrl= https://www.bseindia.com/xml-data/corpfiling/AttachLive/69bf0f26-dcfb-42c7-8552-7ec21f3a1d09.pdf
2025-08-17 21:32:56,359 - INFO - [corporate_announcements.py:121] - downloadPath = F://BSEReports//announcements//17082025//PdfReports//533638_FLEXITUFF_c8e93ef2-65bf-4b2e-ba5c-a311b18cfb9e.pdf
2025-08-17 21:32:56,359 - INFO - [corporate_announcements.py:122] - fileName= 533638_FLEXITUFF_c8e93ef2-65bf-4b2e-ba5c-a311b18cfb9e.pdf
2025-08-17 21:32:56,359 - INFO - [corporate_announcements.py:123] - attachmentUrl= https://www.bseindia.com/xml-data/corpfiling/AttachLive/c8e93ef2-65bf-4b2e-ba5c-a311b18cfb9e.pdf
2025-08-17 21:32:57,120 - INFO - [corporate_announcements.py:121] - downloadPath = F://BSEReports//announcements//17082025//PdfReports//523732_ECOBOAR_af9b38ef-d7b9-4218-9208-6ebd875f76cd.pdf
2025-08-17 21:32:57,120 - INFO - [corporate_announcements.py:122] - fileName= 523732_ECOBOAR_af9b38ef-d7b9-4218-9208-6ebd875f76cd.pdf
2025-08-17 21:32:57,120 - INFO - [corporate_announcements.py:123] - attachmentUrl= https://www.bseindia.com/xml-data/corpfiling/AttachLive/af9b38ef-d7b9-4218-9208-6ebd875f76cd.pdf
2025-08-17 21:32:58,686 - INFO - [corporate_announcements.py:121] - downloadPath = F://BSEReports//announcements//17082025//PdfReports//512026_VEGA_99c79e11-1791-4b06-8c62-2a8816a44a3d.pdf
2025-08-17 21:32:58,686 - INFO - [corporate_announcements.py:122] - fileName= 512026_VEGA_99c79e11-1791-4b06-8c62-2a8816a44a3d.pdf
2025-08-17 21:32:58,686 - INFO - [corporate_announcements.py:123] - attachmentUrl= https://www.bseindia.com/xml-data/corpfiling/AttachLive/99c79e11-1791-4b06-8c62-2a8816a44a3d.pdf
2025-08-17 21:32:59,523 - INFO - [corporate_announcements.py:121] - downloadPath = F://BSEReports//announcements//17082025//PdfReports//543732_RADIANTCMS_b09ecc15-9218-4b8a-8f0d-d89140d94921.pdf
2025-08-17 21:32:59,523 - INFO - [corporate_announcements.py:122] - fileName= 543732_RADIANTCMS_b09ecc15-9218-4b8a-8f0d-d89140d94921.pdf
2025-08-17 21:32:59,523 - INFO - [corporate_announcements.py:123] - attachmentUrl= https://www.bseindia.com/xml-data/corpfiling/AttachLive/b09ecc15-9218-4b8a-8f0d-d89140d94921.pdf
2025-08-17 21:33:00,065 - INFO - [corporate_announcements.py:121] - downloadPath = F://BSEReports//announcements//17082025//PdfReports//543653_BIKAJI_e34392e2-d07c-479c-b5bd-fc4603ffe227.pdf
2025-08-17 21:33:00,065 - INFO - [corporate_announcements.py:122] - fileName= 543653_BIKAJI_e34392e2-d07c-479c-b5bd-fc4603ffe227.pdf
2025-08-17 21:33:00,065 - INFO - [corporate_announcements.py:123] - attachmentUrl= https://www.bseindia.com/xml-data/corpfiling/AttachLive/e34392e2-d07c-479c-b5bd-fc4603ffe227.pdf
2025-08-17 21:33:00,783 - INFO - [corporate_announcements.py:121] - downloadPath = F://BSEReports//announcements//17082025//PdfReports//500238_WHIRLPOOL_9650a6c6-10b1-4af4-8992-49346577bf54.pdf
2025-08-17 21:33:00,799 - INFO - [corporate_announcements.py:122] - fileName= 500238_WHIRLPOOL_9650a6c6-10b1-4af4-8992-49346577bf54.pdf
2025-08-17 21:33:00,799 - INFO - [corporate_announcements.py:123] - attachmentUrl= https://www.bseindia.com/xml-data/corpfiling/AttachLive/9650a6c6-10b1-4af4-8992-49346577bf54.pdf
2025-08-17 21:33:01,954 - INFO - [corporate_announcements.py:121] - downloadPath = F://BSEReports//announcements//17082025//PdfReports//542759_SPANDANA_f4f692aa-4ce9-4fd1-9ed9-cd30c40986f4.pdf
2025-08-17 21:33:01,954 - INFO - [corporate_announcements.py:122] - fileName= 542759_SPANDANA_f4f692aa-4ce9-4fd1-9ed9-cd30c40986f4.pdf
2025-08-17 21:33:01,954 - INFO - [corporate_announcements.py:123] - attachmentUrl= https://www.bseindia.com/xml-data/corpfiling/AttachLive/f4f692aa-4ce9-4fd1-9ed9-cd30c40986f4.pdf
2025-08-17 21:33:22,110 - INFO - [corporate_announcements.py:121] - downloadPath = F://BSEReports//announcements//17082025//PdfReports//501148__b47c737f-cdeb-4d5f-a760-790d93a2c533.pdf
2025-08-17 21:33:22,111 - INFO - [corporate_announcements.py:122] - fileName= 501148__b47c737f-cdeb-4d5f-a760-790d93a2c533.pdf
2025-08-17 21:33:22,111 - INFO - [corporate_announcements.py:123] - attachmentUrl= https://www.bseindia.com/xml-data/corpfiling/AttachLive/b47c737f-cdeb-4d5f-a760-790d93a2c533.pdf
2025-08-17 21:33:22,480 - INFO - [corporate_announcements.py:121] - downloadPath = F://BSEReports//announcements//17082025//PdfReports//532911_PARLEIND_33c8b0b7-bbd2-46d2-a0a1-dc42f667f66b.pdf
2025-08-17 21:33:22,480 - INFO - [corporate_announcements.py:122] - fileName= 532911_PARLEIND_33c8b0b7-bbd2-46d2-a0a1-dc42f667f66b.pdf
2025-08-17 21:33:22,481 - INFO - [corporate_announcements.py:123] - attachmentUrl= https://www.bseindia.com/xml-data/corpfiling/AttachLive/33c8b0b7-bbd2-46d2-a0a1-dc42f667f66b.pdf
2025-08-17 21:33:22,789 - INFO - [corporate_announcements.py:121] - downloadPath = F://BSEReports//announcements//17082025//PdfReports//543358_SANSERA_936a2dd1-4272-4525-a9ee-61b57a61dc42.pdf
2025-08-17 21:33:22,790 - INFO - [corporate_announcements.py:122] - fileName= 543358_SANSERA_936a2dd1-4272-4525-a9ee-61b57a61dc42.pdf
2025-08-17 21:33:22,790 - INFO - [corporate_announcements.py:123] - attachmentUrl= https://www.bseindia.com/xml-data/corpfiling/AttachLive/936a2dd1-4272-4525-a9ee-61b57a61dc42.pdf
2025-08-17 21:33:23,296 - INFO - [corporate_announcements.py:121] - downloadPath = F://BSEReports//announcements//17082025//PdfReports//543652_FUSION_c9e8c7d0-c1be-4548-a7f6-eecfcbbcafed.pdf
2025-08-17 21:33:23,297 - INFO - [corporate_announcements.py:122] - fileName= 543652_FUSION_c9e8c7d0-c1be-4548-a7f6-eecfcbbcafed.pdf
2025-08-17 21:33:23,297 - INFO - [corporate_announcements.py:123] - attachmentUrl= https://www.bseindia.com/xml-data/corpfiling/AttachLive/c9e8c7d0-c1be-4548-a7f6-eecfcbbcafed.pdf
2025-08-17 21:33:23,534 - INFO - [corporate_announcements.py:121] - downloadPath = F://BSEReports//announcements//17082025//PdfReports//541228_TRL_6e9bbe71-a138-4d78-984f-10c73dd2635c.pdf
2025-08-17 21:33:23,534 - INFO - [corporate_announcements.py:122] - fileName= 541228_TRL_6e9bbe71-a138-4d78-984f-10c73dd2635c.pdf
2025-08-17 21:33:23,534 - INFO - [corporate_announcements.py:123] - attachmentUrl= https://www.bseindia.com/xml-data/corpfiling/AttachLive/6e9bbe71-a138-4d78-984f-10c73dd2635c.pdf
2025-08-17 21:33:24,923 - INFO - [corporate_announcements.py:121] - downloadPath = F://BSEReports//announcements//17082025//PdfReports//543652_FUSION_a37ff26c-0e03-494f-b32c-97b0abb0e780.pdf
2025-08-17 21:33:24,923 - INFO - [corporate_announcements.py:122] - fileName= 543652_FUSION_a37ff26c-0e03-494f-b32c-97b0abb0e780.pdf
2025-08-17 21:33:24,924 - INFO - [corporate_announcements.py:123] - attachmentUrl= https://www.bseindia.com/xml-data/corpfiling/AttachLive/a37ff26c-0e03-494f-b32c-97b0abb0e780.pdf
2025-08-17 21:33:25,840 - INFO - [corporate_announcements.py:121] - downloadPath = F://BSEReports//announcements//17082025//PdfReports//543652_FUSION_51de8cc5-f1ec-49ad-a7cf-2c3844ba0b8c.pdf
2025-08-17 21:33:25,841 - INFO - [corporate_announcements.py:122] - fileName= 543652_FUSION_51de8cc5-f1ec-49ad-a7cf-2c3844ba0b8c.pdf
2025-08-17 21:33:25,841 - INFO - [corporate_announcements.py:123] - attachmentUrl= https://www.bseindia.com/xml-data/corpfiling/AttachLive/51de8cc5-f1ec-49ad-a7cf-2c3844ba0b8c.pdf
2025-08-17 21:33:26,036 - INFO - [corporate_announcements.py:121] - downloadPath = F://BSEReports//announcements//17082025//PdfReports//543652_FUSION_c8df756a-af3f-4e54-9502-418ed1368145.pdf
2025-08-17 21:33:26,037 - INFO - [corporate_announcements.py:122] - fileName= 543652_FUSION_c8df756a-af3f-4e54-9502-418ed1368145.pdf
2025-08-17 21:33:26,037 - INFO - [corporate_announcements.py:123] - attachmentUrl= https://www.bseindia.com/xml-data/corpfiling/AttachLive/c8df756a-af3f-4e54-9502-418ed1368145.pdf
2025-08-17 21:33:26,307 - INFO - [corporate_announcements.py:121] - downloadPath = F://BSEReports//announcements//17082025//PdfReports//532379_FIRSTFIN_b069fe5b-471b-44b7-89fc-14b29d665bdb.pdf
2025-08-17 21:33:26,307 - INFO - [corporate_announcements.py:122] - fileName= 532379_FIRSTFIN_b069fe5b-471b-44b7-89fc-14b29d665bdb.pdf
2025-08-17 21:33:26,307 - INFO - [corporate_announcements.py:123] - attachmentUrl= https://www.bseindia.com/xml-data/corpfiling/AttachLive/b069fe5b-471b-44b7-89fc-14b29d665bdb.pdf
2025-08-17 21:33:27,376 - INFO - [corporate_announcements.py:121] - downloadPath = F://BSEReports//announcements//17082025//PdfReports//526365_SWARNSAR_f2444813-8a71-4e81-a836-077b0bd33a01.pdf
2025-08-17 21:33:27,377 - INFO - [corporate_announcements.py:122] - fileName= 526365_SWARNSAR_f2444813-8a71-4e81-a836-077b0bd33a01.pdf
2025-08-17 21:33:27,377 - INFO - [corporate_announcements.py:123] - attachmentUrl= https://www.bseindia.com/xml-data/corpfiling/AttachLive/f2444813-8a71-4e81-a836-077b0bd33a01.pdf
2025-08-17 21:33:28,360 - INFO - [corporate_announcements.py:121] - downloadPath = F://BSEReports//announcements//17082025//PdfReports//530977_SKCIL_87b97aea-6eae-4666-a905-748e482c60ec.pdf
2025-08-17 21:33:28,360 - INFO - [corporate_announcements.py:122] - fileName= 530977_SKCIL_87b97aea-6eae-4666-a905-748e482c60ec.pdf
2025-08-17 21:33:28,360 - INFO - [corporate_announcements.py:123] - attachmentUrl= https://www.bseindia.com/xml-data/corpfiling/AttachLive/87b97aea-6eae-4666-a905-748e482c60ec.pdf
2025-08-17 21:33:28,621 - INFO - [corporate_announcements.py:121] - downloadPath = F://BSEReports//announcements//17082025//PdfReports//500547_BPCL_267a1542-c0b8-4653-8846-3d39c1eb0614.pdf
2025-08-17 21:33:28,622 - INFO - [corporate_announcements.py:122] - fileName= 500547_BPCL_267a1542-c0b8-4653-8846-3d39c1eb0614.pdf
2025-08-17 21:33:28,622 - INFO - [corporate_announcements.py:123] - attachmentUrl= https://www.bseindia.com/xml-data/corpfiling/AttachLive/267a1542-c0b8-4653-8846-3d39c1eb0614.pdf
2025-08-17 21:33:28,858 - INFO - [corporate_announcements.py:121] - downloadPath = F://BSEReports//announcements//17082025//PdfReports//543732_RADIANTCMS_869ab581-d733-412a-91b0-123518cc2fab.pdf
2025-08-17 21:33:28,859 - INFO - [corporate_announcements.py:122] - fileName= 543732_RADIANTCMS_869ab581-d733-412a-91b0-123518cc2fab.pdf
2025-08-17 21:33:28,859 - INFO - [corporate_announcements.py:123] - attachmentUrl= https://www.bseindia.com/xml-data/corpfiling/AttachLive/869ab581-d733-412a-91b0-123518cc2fab.pdf
2025-08-17 21:33:39,904 - INFO - [corporate_announcements.py:121] - downloadPath = F://BSEReports//announcements//17082025//PdfReports//526827_SPICEISLIN_98c56b1a-b4e1-40c3-ac9e-85fa442819d8.pdf
2025-08-17 21:33:39,904 - INFO - [corporate_announcements.py:122] - fileName= 526827_SPICEISLIN_98c56b1a-b4e1-40c3-ac9e-85fa442819d8.pdf
2025-08-17 21:33:39,905 - INFO - [corporate_announcements.py:123] - attachmentUrl= https://www.bseindia.com/xml-data/corpfiling/AttachLive/98c56b1a-b4e1-40c3-ac9e-85fa442819d8.pdf
2025-08-17 21:33:40,272 - INFO - [corporate_announcements.py:121] - downloadPath = F://BSEReports//announcements//17082025//PdfReports//531548_SOMANYCERA_a725587a-f24f-4900-9f00-0dff83c32c70.pdf
2025-08-17 21:33:40,272 - INFO - [corporate_announcements.py:122] - fileName= 531548_SOMANYCERA_a725587a-f24f-4900-9f00-0dff83c32c70.pdf
2025-08-17 21:33:40,273 - INFO - [corporate_announcements.py:123] - attachmentUrl= https://www.bseindia.com/xml-data/corpfiling/AttachLive/a725587a-f24f-4900-9f00-0dff83c32c70.pdf
2025-08-17 21:33:40,506 - INFO - [corporate_announcements.py:121] - downloadPath = F://BSEReports//announcements//17082025//PdfReports//503169_RUBYMILLS_0529476e-d2d3-43b3-b14b-2c8c48bd7450.pdf
2025-08-17 21:33:40,507 - INFO - [corporate_announcements.py:122] - fileName= 503169_RUBYMILLS_0529476e-d2d3-43b3-b14b-2c8c48bd7450.pdf
2025-08-17 21:33:40,507 - INFO - [corporate_announcements.py:123] - attachmentUrl= https://www.bseindia.com/xml-data/corpfiling/AttachLive/0529476e-d2d3-43b3-b14b-2c8c48bd7450.pdf
2025-08-17 21:33:41,475 - INFO - [corporate_announcements.py:121] - downloadPath = F://BSEReports//announcements//17082025//PdfReports//530309_CHANDRAP_33a42862-cadf-4b7e-9586-9e0ef127cb08.pdf
2025-08-17 21:33:41,475 - INFO - [corporate_announcements.py:122] - fileName= 530309_CHANDRAP_33a42862-cadf-4b7e-9586-9e0ef127cb08.pdf
2025-08-17 21:33:41,476 - INFO - [corporate_announcements.py:123] - attachmentUrl= https://www.bseindia.com/xml-data/corpfiling/AttachLive/33a42862-cadf-4b7e-9586-9e0ef127cb08.pdf
2025-08-17 21:33:42,123 - INFO - [corporate_announcements.py:121] - downloadPath = F://BSEReports//announcements//17082025//PdfReports//532497_RADICO_c280dd03-c892-4549-943e-5767a9ad4e73.pdf
2025-08-17 21:33:42,123 - INFO - [corporate_announcements.py:122] - fileName= 532497_RADICO_c280dd03-c892-4549-943e-5767a9ad4e73.pdf
2025-08-17 21:33:42,123 - INFO - [corporate_announcements.py:123] - attachmentUrl= https://www.bseindia.com/xml-data/corpfiling/AttachLive/c280dd03-c892-4549-943e-5767a9ad4e73.pdf
2025-08-17 21:33:42,374 - INFO - [corporate_announcements.py:121] - downloadPath = F://BSEReports//announcements//17082025//PdfReports//544386_SPECTRUM_263aa4b6-0abf-4a72-8507-85d1cb6a49c9.pdf
2025-08-17 21:33:42,375 - INFO - [corporate_announcements.py:122] - fileName= 544386_SPECTRUM_263aa4b6-0abf-4a72-8507-85d1cb6a49c9.pdf
2025-08-17 21:33:42,375 - INFO - [corporate_announcements.py:123] - attachmentUrl= https://www.bseindia.com/xml-data/corpfiling/AttachLive/263aa4b6-0abf-4a72-8507-85d1cb6a49c9.pdf
2025-08-17 21:33:42,718 - INFO - [corporate_announcements.py:121] - downloadPath = F://BSEReports//announcements//17082025//PdfReports//541336_INDOSTAR_8f13a86c-6fef-4fda-b14b-b21ebc4ec9fe.pdf
2025-08-17 21:33:42,718 - INFO - [corporate_announcements.py:122] - fileName= 541336_INDOSTAR_8f13a86c-6fef-4fda-b14b-b21ebc4ec9fe.pdf
2025-08-17 21:33:42,718 - INFO - [corporate_announcements.py:123] - attachmentUrl= https://www.bseindia.com/xml-data/corpfiling/AttachLive/8f13a86c-6fef-4fda-b14b-b21ebc4ec9fe.pdf
2025-08-17 21:34:02,911 - INFO - [corporate_announcements.py:121] - downloadPath = F://BSEReports//announcements//17082025//PdfReports//501270__8e943511-e23a-4c81-8f37-3d0ceaedd9bc.pdf
2025-08-17 21:34:02,911 - INFO - [corporate_announcements.py:122] - fileName= 501270__8e943511-e23a-4c81-8f37-3d0ceaedd9bc.pdf
2025-08-17 21:34:02,911 - INFO - [corporate_announcements.py:123] - attachmentUrl= https://www.bseindia.com/xml-data/corpfiling/AttachLive/8e943511-e23a-4c81-8f37-3d0ceaedd9bc.pdf
2025-08-17 21:34:03,924 - INFO - [corporate_announcements.py:121] - downloadPath = F://BSEReports//announcements//17082025//PdfReports//532714_KEC_61305dff-3e1f-424f-aaf2-8d8c17a0e763.pdf
2025-08-17 21:34:03,924 - INFO - [corporate_announcements.py:122] - fileName= 532714_KEC_61305dff-3e1f-424f-aaf2-8d8c17a0e763.pdf
2025-08-17 21:34:03,924 - INFO - [corporate_announcements.py:123] - attachmentUrl= https://www.bseindia.com/xml-data/corpfiling/AttachLive/61305dff-3e1f-424f-aaf2-8d8c17a0e763.pdf
2025-08-17 21:34:14,145 - INFO - [corporate_announcements.py:121] - downloadPath = F://BSEReports//announcements//17082025//PdfReports//531471_DUKEOFS_e2a2acca-f292-48ce-9434-d43e83061320.pdf
2025-08-17 21:34:14,146 - INFO - [corporate_announcements.py:122] - fileName= 531471_DUKEOFS_e2a2acca-f292-48ce-9434-d43e83061320.pdf
2025-08-17 21:34:14,146 - INFO - [corporate_announcements.py:123] - attachmentUrl= https://www.bseindia.com/xml-data/corpfiling/AttachLive/e2a2acca-f292-48ce-9434-d43e83061320.pdf
2025-08-17 21:34:14,606 - INFO - [corporate_announcements.py:121] - downloadPath = F://BSEReports//announcements//17082025//PdfReports//544386_SPECTRUM_a9d3e43a-b8c6-4f54-8b19-3ccf2a2af2f1.pdf
2025-08-17 21:34:14,606 - INFO - [corporate_announcements.py:122] - fileName= 544386_SPECTRUM_a9d3e43a-b8c6-4f54-8b19-3ccf2a2af2f1.pdf
2025-08-17 21:34:14,607 - INFO - [corporate_announcements.py:123] - attachmentUrl= https://www.bseindia.com/xml-data/corpfiling/AttachLive/a9d3e43a-b8c6-4f54-8b19-3ccf2a2af2f1.pdf
2025-08-17 21:34:26,291 - INFO - [corporate_announcements.py:121] - downloadPath = F://BSEReports//announcements//17082025//PdfReports//532368_BCG_cabab898-eb11-48c0-928e-231c9f4c34a1.pdf
2025-08-17 21:34:26,292 - INFO - [corporate_announcements.py:122] - fileName= 532368_BCG_cabab898-eb11-48c0-928e-231c9f4c34a1.pdf
2025-08-17 21:34:26,292 - INFO - [corporate_announcements.py:123] - attachmentUrl= https://www.bseindia.com/xml-data/corpfiling/AttachLive/cabab898-eb11-48c0-928e-231c9f4c34a1.pdf
2025-08-17 21:34:27,237 - INFO - [corporate_announcements.py:121] - downloadPath = F://BSEReports//announcements//17082025//PdfReports//532210_CUB_68cc15b5-184c-46e2-8805-7abbcec3d1a5.pdf
2025-08-17 21:34:27,237 - INFO - [corporate_announcements.py:122] - fileName= 532210_CUB_68cc15b5-184c-46e2-8805-7abbcec3d1a5.pdf
2025-08-17 21:34:27,237 - INFO - [corporate_announcements.py:123] - attachmentUrl= https://www.bseindia.com/xml-data/corpfiling/AttachLive/68cc15b5-184c-46e2-8805-7abbcec3d1a5.pdf
2025-08-17 21:34:27,986 - INFO - [corporate_announcements.py:66] - Completed writing data to CSV
2025-08-17 21:34:27,987 - INFO - [corporate_announcements.py:67] - Successfully Saved the file to specified directory F://BSEReports//announcements//17082025//bse_ALL_ANNOUNCEMENTS_data_17082025_213249.csv
2025-08-17 21:43:43,426 - INFO - [exection.py:64] - Ended process time end_time = 1755447223.426112
2025-08-17 21:43:43,426 - INFO - [exection.py:67] - Elapsed time: 10.89 minutes
