2025-08-27 20:05:29,088 - INFO - [exection.py:57] - Started process time start_time = 1756305329.0772274
2025-08-27 20:05:29,088 - INFO - [exection.py:58] - Log file has created and file name is logs_security_wise_archive_ALL_ANNOUNCEMENTS_data_27082025_200529.log
2025-08-27 20:05:29,088 - INFO - [exection.py:59] - Selected Input Option :: ALL_ANNOUNCEMENTS
2025-08-27 20:05:29,659 - INFO - [corporate_announcements.py:30] - Started writing data to CSV
2025-08-27 20:05:29,913 - INFO - [corporate_announcements.py:121] - downloadPath = F://BSEReports//announcements//27082025//PdfReports//532011_POOJAENT_0d80adf4-c347-4aff-9399-55de481582bd.pdf
2025-08-27 20:05:29,915 - INFO - [corporate_announcements.py:122] - fileName= 532011_POOJAENT_0d80adf4-c347-4aff-9399-55de481582bd.pdf
2025-08-27 20:05:29,915 - INFO - [corporate_announcements.py:123] - attachmentUrl= https://www.bseindia.com/xml-data/corpfiling/AttachLive/0d80adf4-c347-4aff-9399-55de481582bd.pdf
2025-08-27 20:05:30,594 - INFO - [corporate_announcements.py:121] - downloadPath = F://BSEReports//announcements//27082025//PdfReports//543669_RUSTOMJEE_bd36916f-f684-4c83-8b6c-9faae1d6bd2e.pdf
2025-08-27 20:05:30,595 - INFO - [corporate_announcements.py:122] - fileName= 543669_RUSTOMJEE_bd36916f-f684-4c83-8b6c-9faae1d6bd2e.pdf
2025-08-27 20:05:30,595 - INFO - [corporate_announcements.py:123] - attachmentUrl= https://www.bseindia.com/xml-data/corpfiling/AttachLive/bd36916f-f684-4c83-8b6c-9faae1d6bd2e.pdf
2025-08-27 20:05:31,287 - INFO - [corporate_announcements.py:121] - downloadPath = F://BSEReports//announcements//27082025//PdfReports//544350_AGARWALEYE_c950e9b5-0cde-4ade-9808-ffd30a46e803.pdf
2025-08-27 20:05:31,288 - INFO - [corporate_announcements.py:122] - fileName= 544350_AGARWALEYE_c950e9b5-0cde-4ade-9808-ffd30a46e803.pdf
2025-08-27 20:05:31,288 - INFO - [corporate_announcements.py:123] - attachmentUrl= https://www.bseindia.com/xml-data/corpfiling/AttachLive/c950e9b5-0cde-4ade-9808-ffd30a46e803.pdf
2025-08-27 20:05:34,094 - INFO - [corporate_announcements.py:121] - downloadPath = F://BSEReports//announcements//27082025//PdfReports//544350_AGARWALEYE_8593adde-ce24-4a08-85db-65f997081473.pdf
2025-08-27 20:05:34,094 - INFO - [corporate_announcements.py:122] - fileName= 544350_AGARWALEYE_8593adde-ce24-4a08-85db-65f997081473.pdf
2025-08-27 20:05:34,094 - INFO - [corporate_announcements.py:123] - attachmentUrl= https://www.bseindia.com/xml-data/corpfiling/AttachLive/8593adde-ce24-4a08-85db-65f997081473.pdf
2025-08-27 20:05:35,609 - INFO - [corporate_announcements.py:121] - downloadPath = F://BSEReports//announcements//27082025//PdfReports//544209_BANSALWIRE_d063c2c0-7493-4a29-b47c-09c0e84e7c0b.pdf
2025-08-27 20:05:35,610 - INFO - [corporate_announcements.py:122] - fileName= 544209_BANSALWIRE_d063c2c0-7493-4a29-b47c-09c0e84e7c0b.pdf
2025-08-27 20:05:35,610 - INFO - [corporate_announcements.py:123] - attachmentUrl= https://www.bseindia.com/xml-data/corpfiling/AttachLive/d063c2c0-7493-4a29-b47c-09c0e84e7c0b.pdf
2025-08-27 20:05:36,523 - INFO - [corporate_announcements.py:121] - downloadPath = F://BSEReports//announcements//27082025//PdfReports//543310_TIMESGREEN_c0350a5a-1cd6-4935-9cd7-d1e3b7b72cf8.pdf
2025-08-27 20:05:36,524 - INFO - [corporate_announcements.py:122] - fileName= 543310_TIMESGREEN_c0350a5a-1cd6-4935-9cd7-d1e3b7b72cf8.pdf
2025-08-27 20:05:36,524 - INFO - [corporate_announcements.py:123] - attachmentUrl= https://www.bseindia.com/xml-data/corpfiling/AttachLive/c0350a5a-1cd6-4935-9cd7-d1e3b7b72cf8.pdf
2025-08-27 20:05:38,081 - INFO - [corporate_announcements.py:121] - downloadPath = F://BSEReports//announcements//27082025//PdfReports//532011_POOJAENT_423eace4-a945-4a50-b9ea-634976f15dca.pdf
2025-08-27 20:05:38,081 - INFO - [corporate_announcements.py:122] - fileName= 532011_POOJAENT_423eace4-a945-4a50-b9ea-634976f15dca.pdf
2025-08-27 20:05:38,081 - INFO - [corporate_announcements.py:123] - attachmentUrl= https://www.bseindia.com/xml-data/corpfiling/AttachLive/423eace4-a945-4a50-b9ea-634976f15dca.pdf
2025-08-27 20:05:42,939 - INFO - [corporate_announcements.py:121] - downloadPath = F://BSEReports//announcements//27082025//PdfReports//524212_WANBURY_3fc0708a-06d6-405d-8efd-3793bc1df1ec.pdf
2025-08-27 20:05:42,940 - INFO - [corporate_announcements.py:122] - fileName= 524212_WANBURY_3fc0708a-06d6-405d-8efd-3793bc1df1ec.pdf
2025-08-27 20:05:42,940 - INFO - [corporate_announcements.py:123] - attachmentUrl= https://www.bseindia.com/xml-data/corpfiling/AttachLive/3fc0708a-06d6-405d-8efd-3793bc1df1ec.pdf
2025-08-27 20:05:45,081 - INFO - [corporate_announcements.py:121] - downloadPath = F://BSEReports//announcements//27082025//PdfReports//544209_BANSALWIRE_4b1ff147-07f3-4818-ab8b-87e6f03eebac.pdf
2025-08-27 20:05:45,081 - INFO - [corporate_announcements.py:122] - fileName= 544209_BANSALWIRE_4b1ff147-07f3-4818-ab8b-87e6f03eebac.pdf
2025-08-27 20:05:45,081 - INFO - [corporate_announcements.py:123] - attachmentUrl= https://www.bseindia.com/xml-data/corpfiling/AttachLive/4b1ff147-07f3-4818-ab8b-87e6f03eebac.pdf
2025-08-27 20:05:47,978 - INFO - [corporate_announcements.py:121] - downloadPath = F://BSEReports//announcements//27082025//PdfReports//543669_RUSTOMJEE_cfcc2eb2-890a-4348-9280-e06db151e0a5.pdf
2025-08-27 20:05:47,978 - INFO - [corporate_announcements.py:122] - fileName= 543669_RUSTOMJEE_cfcc2eb2-890a-4348-9280-e06db151e0a5.pdf
2025-08-27 20:05:47,978 - INFO - [corporate_announcements.py:123] - attachmentUrl= https://www.bseindia.com/xml-data/corpfiling/AttachLive/cfcc2eb2-890a-4348-9280-e06db151e0a5.pdf
2025-08-27 20:05:50,150 - INFO - [corporate_announcements.py:121] - downloadPath = F://BSEReports//announcements//27082025//PdfReports//544209_BANSALWIRE_e70294fa-b9f0-4677-8ab9-0baf37b0118e.pdf
2025-08-27 20:05:50,151 - INFO - [corporate_announcements.py:122] - fileName= 544209_BANSALWIRE_e70294fa-b9f0-4677-8ab9-0baf37b0118e.pdf
2025-08-27 20:05:50,151 - INFO - [corporate_announcements.py:123] - attachmentUrl= https://www.bseindia.com/xml-data/corpfiling/AttachLive/e70294fa-b9f0-4677-8ab9-0baf37b0118e.pdf
2025-08-27 20:05:52,411 - INFO - [corporate_announcements.py:121] - downloadPath = F://BSEReports//announcements//27082025//PdfReports//543686_SIRCA_26bfd6d6-24bf-471c-8a98-f387b470e689.pdf
2025-08-27 20:05:52,412 - INFO - [corporate_announcements.py:122] - fileName= 543686_SIRCA_26bfd6d6-24bf-471c-8a98-f387b470e689.pdf
2025-08-27 20:05:52,412 - INFO - [corporate_announcements.py:123] - attachmentUrl= https://www.bseindia.com/xml-data/corpfiling/AttachLive/26bfd6d6-24bf-471c-8a98-f387b470e689.pdf
2025-08-27 20:05:53,704 - INFO - [corporate_announcements.py:121] - downloadPath = F://BSEReports//announcements//27082025//PdfReports//514142_TTL_4f7b2faa-10e2-4502-ac07-c824ff200696.pdf
2025-08-27 20:05:53,704 - INFO - [corporate_announcements.py:122] - fileName= 514142_TTL_4f7b2faa-10e2-4502-ac07-c824ff200696.pdf
2025-08-27 20:05:53,704 - INFO - [corporate_announcements.py:123] - attachmentUrl= https://www.bseindia.com/xml-data/corpfiling/AttachLive/4f7b2faa-10e2-4502-ac07-c824ff200696.pdf
2025-08-27 20:05:56,228 - INFO - [corporate_announcements.py:121] - downloadPath = F://BSEReports//announcements//27082025//PdfReports//522195_FRONTSP_fb3999c7-1e4a-40c5-996c-c5bbc270192e.pdf
2025-08-27 20:05:56,228 - INFO - [corporate_announcements.py:122] - fileName= 522195_FRONTSP_fb3999c7-1e4a-40c5-996c-c5bbc270192e.pdf
2025-08-27 20:05:56,228 - INFO - [corporate_announcements.py:123] - attachmentUrl= https://www.bseindia.com/xml-data/corpfiling/AttachLive/fb3999c7-1e4a-40c5-996c-c5bbc270192e.pdf
2025-08-27 20:05:57,802 - INFO - [corporate_announcements.py:121] - downloadPath = F://BSEReports//announcements//27082025//PdfReports//506248_AMNPLST_d12125aa-c105-4dfa-ac7a-37ec4bbda698.pdf
2025-08-27 20:05:57,802 - INFO - [corporate_announcements.py:122] - fileName= 506248_AMNPLST_d12125aa-c105-4dfa-ac7a-37ec4bbda698.pdf
2025-08-27 20:05:57,803 - INFO - [corporate_announcements.py:123] - attachmentUrl= https://www.bseindia.com/xml-data/corpfiling/AttachLive/d12125aa-c105-4dfa-ac7a-37ec4bbda698.pdf
2025-08-27 20:05:58,584 - INFO - [corporate_announcements.py:121] - downloadPath = F://BSEReports//announcements//27082025//PdfReports//541153_BANDHANBNK_b17ffd56-26ed-4f34-a266-4bf9d261bbf7.pdf
2025-08-27 20:05:58,584 - INFO - [corporate_announcements.py:122] - fileName= 541153_BANDHANBNK_b17ffd56-26ed-4f34-a266-4bf9d261bbf7.pdf
2025-08-27 20:05:58,584 - INFO - [corporate_announcements.py:123] - attachmentUrl= https://www.bseindia.com/xml-data/corpfiling/AttachLive/b17ffd56-26ed-4f34-a266-4bf9d261bbf7.pdf
2025-08-27 20:05:59,221 - INFO - [corporate_announcements.py:121] - downloadPath = F://BSEReports//announcements//27082025//PdfReports//542933_UNIVPHOTO_ed53f02d-31f6-407e-a0da-117c4865d427.pdf
2025-08-27 20:05:59,222 - INFO - [corporate_announcements.py:122] - fileName= 542933_UNIVPHOTO_ed53f02d-31f6-407e-a0da-117c4865d427.pdf
2025-08-27 20:05:59,222 - INFO - [corporate_announcements.py:123] - attachmentUrl= https://www.bseindia.com/xml-data/corpfiling/AttachLive/ed53f02d-31f6-407e-a0da-117c4865d427.pdf
2025-08-27 20:05:59,872 - INFO - [corporate_announcements.py:121] - downloadPath = F://BSEReports//announcements//27082025//PdfReports//517498_WEBELSOLAR_6f5e39a9-c0a0-4c99-964f-e265d5b93867.pdf
2025-08-27 20:05:59,872 - INFO - [corporate_announcements.py:122] - fileName= 517498_WEBELSOLAR_6f5e39a9-c0a0-4c99-964f-e265d5b93867.pdf
2025-08-27 20:05:59,872 - INFO - [corporate_announcements.py:123] - attachmentUrl= https://www.bseindia.com/xml-data/corpfiling/AttachLive/6f5e39a9-c0a0-4c99-964f-e265d5b93867.pdf
2025-08-27 20:06:00,486 - INFO - [corporate_announcements.py:121] - downloadPath = F://BSEReports//announcements//27082025//PdfReports//532898_POWERGRID_df547657-b1d7-402d-bdaf-9d8850ccd46c.pdf
2025-08-27 20:06:00,487 - INFO - [corporate_announcements.py:122] - fileName= 532898_POWERGRID_df547657-b1d7-402d-bdaf-9d8850ccd46c.pdf
2025-08-27 20:06:00,487 - INFO - [corporate_announcements.py:123] - attachmentUrl= https://www.bseindia.com/xml-data/corpfiling/AttachLive/df547657-b1d7-402d-bdaf-9d8850ccd46c.pdf
2025-08-27 20:06:02,289 - INFO - [corporate_announcements.py:121] - downloadPath = F://BSEReports//announcements//27082025//PdfReports//532375_TIPSMUSIC_1be3e10b-7501-433d-8945-130b141cd29d.pdf
2025-08-27 20:06:02,289 - INFO - [corporate_announcements.py:122] - fileName= 532375_TIPSMUSIC_1be3e10b-7501-433d-8945-130b141cd29d.pdf
2025-08-27 20:06:02,289 - INFO - [corporate_announcements.py:123] - attachmentUrl= https://www.bseindia.com/xml-data/corpfiling/AttachLive/1be3e10b-7501-433d-8945-130b141cd29d.pdf
2025-08-27 20:06:04,044 - INFO - [corporate_announcements.py:121] - downloadPath = F://BSEReports//announcements//27082025//PdfReports//535789_SAMMAANCAP_3aa48c98-1f86-465e-8121-04ee541b442d.pdf
2025-08-27 20:06:04,044 - INFO - [corporate_announcements.py:122] - fileName= 535789_SAMMAANCAP_3aa48c98-1f86-465e-8121-04ee541b442d.pdf
2025-08-27 20:06:04,044 - INFO - [corporate_announcements.py:123] - attachmentUrl= https://www.bseindia.com/xml-data/corpfiling/AttachLive/3aa48c98-1f86-465e-8121-04ee541b442d.pdf
2025-08-27 20:06:04,749 - INFO - [corporate_announcements.py:121] - downloadPath = F://BSEReports//announcements//27082025//PdfReports//526783_DRAGARWQ_42772efa-531e-4431-8773-f518fe3d18bd.pdf
2025-08-27 20:06:04,749 - INFO - [corporate_announcements.py:122] - fileName= 526783_DRAGARWQ_42772efa-531e-4431-8773-f518fe3d18bd.pdf
2025-08-27 20:06:04,749 - INFO - [corporate_announcements.py:123] - attachmentUrl= https://www.bseindia.com/xml-data/corpfiling/AttachLive/42772efa-531e-4431-8773-f518fe3d18bd.pdf
2025-08-27 20:06:06,901 - INFO - [corporate_announcements.py:121] - downloadPath = F://BSEReports//announcements//27082025//PdfReports//544350_AGARWALEYE_bf9c820f-c531-4391-99c9-d9273781d119.pdf
2025-08-27 20:06:06,902 - INFO - [corporate_announcements.py:122] - fileName= 544350_AGARWALEYE_bf9c820f-c531-4391-99c9-d9273781d119.pdf
2025-08-27 20:06:06,902 - INFO - [corporate_announcements.py:123] - attachmentUrl= https://www.bseindia.com/xml-data/corpfiling/AttachLive/bf9c820f-c531-4391-99c9-d9273781d119.pdf
2025-08-27 20:06:08,622 - INFO - [corporate_announcements.py:121] - downloadPath = F://BSEReports//announcements//27082025//PdfReports//535789_SAMMAANCAP_1386fd11-e60d-470e-9d0f-f24c84c9f3a2.pdf
2025-08-27 20:06:08,622 - INFO - [corporate_announcements.py:122] - fileName= 535789_SAMMAANCAP_1386fd11-e60d-470e-9d0f-f24c84c9f3a2.pdf
2025-08-27 20:06:08,622 - INFO - [corporate_announcements.py:123] - attachmentUrl= https://www.bseindia.com/xml-data/corpfiling/AttachLive/1386fd11-e60d-470e-9d0f-f24c84c9f3a2.pdf
2025-08-27 20:06:09,324 - INFO - [corporate_announcements.py:121] - downloadPath = F://BSEReports//announcements//27082025//PdfReports//537750_KIRANVYPAR_55fdbe05-402b-4810-b809-fe49b4b2572f.pdf
2025-08-27 20:06:09,324 - INFO - [corporate_announcements.py:122] - fileName= 537750_KIRANVYPAR_55fdbe05-402b-4810-b809-fe49b4b2572f.pdf
2025-08-27 20:06:09,325 - INFO - [corporate_announcements.py:123] - attachmentUrl= https://www.bseindia.com/xml-data/corpfiling/AttachLive/55fdbe05-402b-4810-b809-fe49b4b2572f.pdf
2025-08-27 20:06:10,436 - INFO - [corporate_announcements.py:121] - downloadPath = F://BSEReports//announcements//27082025//PdfReports//519413_DATIWARE_b6aa5f33-594a-4935-b939-fff78c9d9b54.pdf
2025-08-27 20:06:10,437 - INFO - [corporate_announcements.py:122] - fileName= 519413_DATIWARE_b6aa5f33-594a-4935-b939-fff78c9d9b54.pdf
2025-08-27 20:06:10,437 - INFO - [corporate_announcements.py:123] - attachmentUrl= https://www.bseindia.com/xml-data/corpfiling/AttachLive/b6aa5f33-594a-4935-b939-fff78c9d9b54.pdf
2025-08-27 20:06:11,738 - INFO - [corporate_announcements.py:121] - downloadPath = F://BSEReports//announcements//27082025//PdfReports//519413_DATIWARE_84e2c891-8f5c-482d-944a-28648cd3c290.pdf
2025-08-27 20:06:11,738 - INFO - [corporate_announcements.py:122] - fileName= 519413_DATIWARE_84e2c891-8f5c-482d-944a-28648cd3c290.pdf
2025-08-27 20:06:11,738 - INFO - [corporate_announcements.py:123] - attachmentUrl= https://www.bseindia.com/xml-data/corpfiling/AttachLive/84e2c891-8f5c-482d-944a-28648cd3c290.pdf
2025-08-27 20:06:12,650 - INFO - [corporate_announcements.py:121] - downloadPath = F://BSEReports//announcements//27082025//PdfReports//531168_ASSOCER_aced6a02-2ca8-4a09-bdb0-3c5f5076c2c1.pdf
2025-08-27 20:06:12,650 - INFO - [corporate_announcements.py:122] - fileName= 531168_ASSOCER_aced6a02-2ca8-4a09-bdb0-3c5f5076c2c1.pdf
2025-08-27 20:06:12,651 - INFO - [corporate_announcements.py:123] - attachmentUrl= https://www.bseindia.com/xml-data/corpfiling/AttachLive/aced6a02-2ca8-4a09-bdb0-3c5f5076c2c1.pdf
2025-08-27 20:06:13,719 - INFO - [corporate_announcements.py:121] - downloadPath = F://BSEReports//announcements//27082025//PdfReports//519413_DATIWARE_49f96422-09b5-4d3d-8153-7b73cdc5027c.pdf
2025-08-27 20:06:13,719 - INFO - [corporate_announcements.py:122] - fileName= 519413_DATIWARE_49f96422-09b5-4d3d-8153-7b73cdc5027c.pdf
2025-08-27 20:06:13,719 - INFO - [corporate_announcements.py:123] - attachmentUrl= https://www.bseindia.com/xml-data/corpfiling/AttachLive/49f96422-09b5-4d3d-8153-7b73cdc5027c.pdf
2025-08-27 20:06:16,798 - INFO - [corporate_announcements.py:121] - downloadPath = F://BSEReports//announcements//27082025//PdfReports//535789_SAMMAANCAP_28c92279-b9e6-4fdd-a5ed-8839075755fd.pdf
2025-08-27 20:06:16,798 - INFO - [corporate_announcements.py:122] - fileName= 535789_SAMMAANCAP_28c92279-b9e6-4fdd-a5ed-8839075755fd.pdf
2025-08-27 20:06:16,798 - INFO - [corporate_announcements.py:123] - attachmentUrl= https://www.bseindia.com/xml-data/corpfiling/AttachLive/28c92279-b9e6-4fdd-a5ed-8839075755fd.pdf
2025-08-27 20:06:17,759 - INFO - [corporate_announcements.py:121] - downloadPath = F://BSEReports//announcements//27082025//PdfReports//524372_ORCHPHARMA_f3140034-0e8e-40ae-8267-76081506c6b5.pdf
2025-08-27 20:06:17,759 - INFO - [corporate_announcements.py:122] - fileName= 524372_ORCHPHARMA_f3140034-0e8e-40ae-8267-76081506c6b5.pdf
2025-08-27 20:06:17,759 - INFO - [corporate_announcements.py:123] - attachmentUrl= https://www.bseindia.com/xml-data/corpfiling/AttachLive/f3140034-0e8e-40ae-8267-76081506c6b5.pdf
2025-08-27 20:06:19,838 - INFO - [corporate_announcements.py:121] - downloadPath = F://BSEReports//announcements//27082025//PdfReports//544350_AGARWALEYE_ca1283dc-1c23-4524-b0d5-22d442d60cb8.pdf
2025-08-27 20:06:19,838 - INFO - [corporate_announcements.py:122] - fileName= 544350_AGARWALEYE_ca1283dc-1c23-4524-b0d5-22d442d60cb8.pdf
2025-08-27 20:06:19,838 - INFO - [corporate_announcements.py:123] - attachmentUrl= https://www.bseindia.com/xml-data/corpfiling/AttachLive/ca1283dc-1c23-4524-b0d5-22d442d60cb8.pdf
2025-08-27 20:06:22,695 - INFO - [corporate_announcements.py:121] - downloadPath = F://BSEReports//announcements//27082025//PdfReports//531168_ASSOCER_e266dc95-abb0-4856-99a9-536f815e344a.pdf
2025-08-27 20:06:22,696 - INFO - [corporate_announcements.py:122] - fileName= 531168_ASSOCER_e266dc95-abb0-4856-99a9-536f815e344a.pdf
2025-08-27 20:06:22,696 - INFO - [corporate_announcements.py:123] - attachmentUrl= https://www.bseindia.com/xml-data/corpfiling/AttachLive/e266dc95-abb0-4856-99a9-536f815e344a.pdf
2025-08-27 20:06:23,412 - INFO - [corporate_announcements.py:121] - downloadPath = F://BSEReports//announcements//27082025//PdfReports//531168_ASSOCER_e217c495-4f2d-47ab-8219-6941ac3125fa.pdf
2025-08-27 20:06:23,413 - INFO - [corporate_announcements.py:122] - fileName= 531168_ASSOCER_e217c495-4f2d-47ab-8219-6941ac3125fa.pdf
2025-08-27 20:06:23,413 - INFO - [corporate_announcements.py:123] - attachmentUrl= https://www.bseindia.com/xml-data/corpfiling/AttachLive/e217c495-4f2d-47ab-8219-6941ac3125fa.pdf
2025-08-27 20:06:24,254 - INFO - [corporate_announcements.py:121] - downloadPath = F://BSEReports//announcements//27082025//PdfReports//532780_PARSVNATH_8bdff97c-127b-43cd-8863-284aa7865b19.pdf
2025-08-27 20:06:24,255 - INFO - [corporate_announcements.py:122] - fileName= 532780_PARSVNATH_8bdff97c-127b-43cd-8863-284aa7865b19.pdf
2025-08-27 20:06:24,255 - INFO - [corporate_announcements.py:123] - attachmentUrl= https://www.bseindia.com/xml-data/corpfiling/AttachLive/8bdff97c-127b-43cd-8863-284aa7865b19.pdf
2025-08-27 20:06:24,762 - INFO - [corporate_announcements.py:121] - downloadPath = F://BSEReports//announcements//27082025//PdfReports//531168_ASSOCER_45048ef0-71d8-448d-bbf3-4cf583fc4539.pdf
2025-08-27 20:06:24,918 - INFO - [corporate_announcements.py:122] - fileName= 531168_ASSOCER_45048ef0-71d8-448d-bbf3-4cf583fc4539.pdf
2025-08-27 20:06:24,918 - INFO - [corporate_announcements.py:123] - attachmentUrl= https://www.bseindia.com/xml-data/corpfiling/AttachLive/45048ef0-71d8-448d-bbf3-4cf583fc4539.pdf
2025-08-27 20:06:25,757 - INFO - [corporate_announcements.py:121] - downloadPath = F://BSEReports//announcements//27082025//PdfReports//531887_TACENT_7dcedfe2-b26d-4bfa-afb4-64b1275fbec0.pdf
2025-08-27 20:06:25,757 - INFO - [corporate_announcements.py:122] - fileName= 531887_TACENT_7dcedfe2-b26d-4bfa-afb4-64b1275fbec0.pdf
2025-08-27 20:06:25,757 - INFO - [corporate_announcements.py:123] - attachmentUrl= https://www.bseindia.com/xml-data/corpfiling/AttachLive/7dcedfe2-b26d-4bfa-afb4-64b1275fbec0.pdf
2025-08-27 20:06:26,911 - INFO - [corporate_announcements.py:121] - downloadPath = F://BSEReports//announcements//27082025//PdfReports//543317_GRINFRA_35eec16a-b0cf-413a-afbc-8765be2b2330.pdf
2025-08-27 20:06:26,911 - INFO - [corporate_announcements.py:122] - fileName= 543317_GRINFRA_35eec16a-b0cf-413a-afbc-8765be2b2330.pdf
2025-08-27 20:06:26,911 - INFO - [corporate_announcements.py:123] - attachmentUrl= https://www.bseindia.com/xml-data/corpfiling/AttachLive/35eec16a-b0cf-413a-afbc-8765be2b2330.pdf
2025-08-27 20:06:27,999 - INFO - [corporate_announcements.py:121] - downloadPath = F://BSEReports//announcements//27082025//PdfReports//531168_ASSOCER_d5474ca2-6693-4751-9eb8-98ec6025bb76.pdf
2025-08-27 20:06:27,999 - INFO - [corporate_announcements.py:122] - fileName= 531168_ASSOCER_d5474ca2-6693-4751-9eb8-98ec6025bb76.pdf
2025-08-27 20:06:28,000 - INFO - [corporate_announcements.py:123] - attachmentUrl= https://www.bseindia.com/xml-data/corpfiling/AttachLive/d5474ca2-6693-4751-9eb8-98ec6025bb76.pdf
2025-08-27 20:06:28,618 - INFO - [corporate_announcements.py:121] - downloadPath = F://BSEReports//announcements//27082025//PdfReports//526532_SFPIL_215c0d6a-ec84-4e9f-8cea-a11083ee8f27.pdf
2025-08-27 20:06:28,618 - INFO - [corporate_announcements.py:122] - fileName= 526532_SFPIL_215c0d6a-ec84-4e9f-8cea-a11083ee8f27.pdf
2025-08-27 20:06:28,618 - INFO - [corporate_announcements.py:123] - attachmentUrl= https://www.bseindia.com/xml-data/corpfiling/AttachLive/215c0d6a-ec84-4e9f-8cea-a11083ee8f27.pdf
2025-08-27 20:06:30,660 - INFO - [corporate_announcements.py:121] - downloadPath = F://BSEReports//announcements//27082025//PdfReports//540774_IFGLEXPOR_28523445-3f42-4d36-a3eb-e271f91507db.pdf
2025-08-27 20:06:30,660 - INFO - [corporate_announcements.py:122] - fileName= 540774_IFGLEXPOR_28523445-3f42-4d36-a3eb-e271f91507db.pdf
2025-08-27 20:06:30,660 - INFO - [corporate_announcements.py:123] - attachmentUrl= https://www.bseindia.com/xml-data/corpfiling/AttachLive/28523445-3f42-4d36-a3eb-e271f91507db.pdf
2025-08-27 20:06:31,474 - INFO - [corporate_announcements.py:121] - downloadPath = F://BSEReports//announcements//27082025//PdfReports//507528_KUNDANMM_20a0fb71-2806-4a6c-8557-2e06fc71291f.pdf
2025-08-27 20:06:31,474 - INFO - [corporate_announcements.py:122] - fileName= 507528_KUNDANMM_20a0fb71-2806-4a6c-8557-2e06fc71291f.pdf
2025-08-27 20:06:31,475 - INFO - [corporate_announcements.py:123] - attachmentUrl= https://www.bseindia.com/xml-data/corpfiling/AttachLive/20a0fb71-2806-4a6c-8557-2e06fc71291f.pdf
2025-08-27 20:06:32,199 - INFO - [corporate_announcements.py:121] - downloadPath = F://BSEReports//announcements//27082025//PdfReports//540774_IFGLEXPOR_f6eebca2-08d3-4883-8ecf-96e986a27b8c.pdf
2025-08-27 20:06:32,200 - INFO - [corporate_announcements.py:122] - fileName= 540774_IFGLEXPOR_f6eebca2-08d3-4883-8ecf-96e986a27b8c.pdf
2025-08-27 20:06:32,200 - INFO - [corporate_announcements.py:123] - attachmentUrl= https://www.bseindia.com/xml-data/corpfiling/AttachLive/f6eebca2-08d3-4883-8ecf-96e986a27b8c.pdf
2025-08-27 20:06:32,857 - INFO - [corporate_announcements.py:121] - downloadPath = F://BSEReports//announcements//27082025//PdfReports//541161_DHARAN_025cb461-318f-491e-908f-addf2ea5c1a8.pdf
2025-08-27 20:06:32,857 - INFO - [corporate_announcements.py:122] - fileName= 541161_DHARAN_025cb461-318f-491e-908f-addf2ea5c1a8.pdf
2025-08-27 20:06:32,857 - INFO - [corporate_announcements.py:123] - attachmentUrl= https://www.bseindia.com/xml-data/corpfiling/AttachLive/025cb461-318f-491e-908f-addf2ea5c1a8.pdf
2025-08-27 20:06:34,817 - INFO - [corporate_announcements.py:121] - downloadPath = F://BSEReports//announcements//27082025//PdfReports//523222_SRMENERGY_de9e63fc-3a04-4abd-93e0-30b5751da8ec.pdf
2025-08-27 20:06:34,817 - INFO - [corporate_announcements.py:122] - fileName= 523222_SRMENERGY_de9e63fc-3a04-4abd-93e0-30b5751da8ec.pdf
2025-08-27 20:06:34,817 - INFO - [corporate_announcements.py:123] - attachmentUrl= https://www.bseindia.com/xml-data/corpfiling/AttachLive/de9e63fc-3a04-4abd-93e0-30b5751da8ec.pdf
2025-08-27 20:06:36,371 - INFO - [corporate_announcements.py:121] - downloadPath = F://BSEReports//announcements//27082025//PdfReports//507438_IFBAGRO_8668fa62-c734-4edd-880b-5c49885ea5e1.pdf
2025-08-27 20:06:36,371 - INFO - [corporate_announcements.py:122] - fileName= 507438_IFBAGRO_8668fa62-c734-4edd-880b-5c49885ea5e1.pdf
2025-08-27 20:06:36,371 - INFO - [corporate_announcements.py:123] - attachmentUrl= https://www.bseindia.com/xml-data/corpfiling/AttachLive/8668fa62-c734-4edd-880b-5c49885ea5e1.pdf
2025-08-27 20:06:37,055 - INFO - [corporate_announcements.py:121] - downloadPath = F://BSEReports//announcements//27082025//PdfReports//517334_MOTHERSON_68682c96-455e-423d-9d9d-c320c5707379.pdf
2025-08-27 20:06:37,055 - INFO - [corporate_announcements.py:122] - fileName= 517334_MOTHERSON_68682c96-455e-423d-9d9d-c320c5707379.pdf
2025-08-27 20:06:37,055 - INFO - [corporate_announcements.py:123] - attachmentUrl= https://www.bseindia.com/xml-data/corpfiling/AttachLive/68682c96-455e-423d-9d9d-c320c5707379.pdf
2025-08-27 20:06:37,732 - INFO - [corporate_announcements.py:121] - downloadPath = F://BSEReports//announcements//27082025//PdfReports//540774_IFGLEXPOR_d5246fba-e03a-466e-b312-6b10a8a1616e.pdf
2025-08-27 20:06:37,733 - INFO - [corporate_announcements.py:122] - fileName= 540774_IFGLEXPOR_d5246fba-e03a-466e-b312-6b10a8a1616e.pdf
2025-08-27 20:06:37,733 - INFO - [corporate_announcements.py:123] - attachmentUrl= https://www.bseindia.com/xml-data/corpfiling/AttachLive/d5246fba-e03a-466e-b312-6b10a8a1616e.pdf
2025-08-27 20:06:38,599 - INFO - [corporate_announcements.py:121] - downloadPath = F://BSEReports//announcements//27082025//PdfReports//530005_INDIACEM_e14d3ad9-6d4b-48eb-a770-28832c6df9cc.pdf
2025-08-27 20:06:38,599 - INFO - [corporate_announcements.py:122] - fileName= 530005_INDIACEM_e14d3ad9-6d4b-48eb-a770-28832c6df9cc.pdf
2025-08-27 20:06:38,599 - INFO - [corporate_announcements.py:123] - attachmentUrl= https://www.bseindia.com/xml-data/corpfiling/AttachLive/e14d3ad9-6d4b-48eb-a770-28832c6df9cc.pdf
2025-08-27 20:06:42,982 - INFO - [corporate_announcements.py:121] - downloadPath = F://BSEReports//announcements//27082025//PdfReports//540678_COCHINSHIP_d068e596-9794-434f-bb4d-2f53835a5d33.pdf
2025-08-27 20:06:42,983 - INFO - [corporate_announcements.py:122] - fileName= 540678_COCHINSHIP_d068e596-9794-434f-bb4d-2f53835a5d33.pdf
2025-08-27 20:06:42,983 - INFO - [corporate_announcements.py:123] - attachmentUrl= https://www.bseindia.com/xml-data/corpfiling/AttachLive/d068e596-9794-434f-bb4d-2f53835a5d33.pdf
2025-08-27 20:06:43,372 - INFO - [corporate_announcements.py:66] - Completed writing data to CSV
2025-08-27 20:06:43,372 - INFO - [corporate_announcements.py:67] - Successfully Saved the file to specified directory F://BSEReports//announcements//27082025//bse_ALL_ANNOUNCEMENTS_data_27082025_200529.csv
