2025-08-27 20:29:43,163 - INFO - [exection.py:57] - Started process time start_time = 1756306783.1618447
2025-08-27 20:29:43,163 - INFO - [exection.py:58] - Log file has created and file name is logs_security_wise_archive_ALL_ANNOUNCEMENTS_data_27082025_202943.log
2025-08-27 20:29:43,163 - INFO - [exection.py:59] - Selected Input Option :: ALL_ANNOUNCEMENTS
2025-08-27 20:29:43,519 - INFO - [corporate_announcements.py:30] - Started writing data to CSV
2025-08-27 20:29:43,772 - INFO - [corporate_announcements.py:121] - downloadPath = F://BSEReports//announcements//27082025//PdfReports//531525_ACESOFT_4fbce092-cac8-4b77-98cb-1fadb8196899.pdf
2025-08-27 20:29:43,774 - INFO - [corporate_announcements.py:122] - fileName= 531525_ACESOFT_4fbce092-cac8-4b77-98cb-1fadb8196899.pdf
2025-08-27 20:29:43,774 - INFO - [corporate_announcements.py:123] - attachmentUrl= https://www.bseindia.com/xml-data/corpfiling/AttachLive/4fbce092-cac8-4b77-98cb-1fadb8196899.pdf
2025-08-27 20:29:44,702 - INFO - [corporate_announcements.py:121] - downloadPath = F://BSEReports//announcements//27082025//PdfReports//544081_JYOTICNC_9b21ad5f-8456-4717-b0cc-3342d2cc61bd.pdf
2025-08-27 20:29:44,703 - INFO - [corporate_announcements.py:122] - fileName= 544081_JYOTICNC_9b21ad5f-8456-4717-b0cc-3342d2cc61bd.pdf
2025-08-27 20:29:44,703 - INFO - [corporate_announcements.py:123] - attachmentUrl= https://www.bseindia.com/xml-data/corpfiling/AttachLive/9b21ad5f-8456-4717-b0cc-3342d2cc61bd.pdf
2025-08-27 20:29:45,834 - INFO - [corporate_announcements.py:121] - downloadPath = F://BSEReports//announcements//27082025//PdfReports//531525_ACESOFT_1cc81b10-1f7e-48e1-840b-aabe86fbe1ed.pdf
2025-08-27 20:29:45,835 - INFO - [corporate_announcements.py:122] - fileName= 531525_ACESOFT_1cc81b10-1f7e-48e1-840b-aabe86fbe1ed.pdf
2025-08-27 20:29:45,835 - INFO - [corporate_announcements.py:123] - attachmentUrl= https://www.bseindia.com/xml-data/corpfiling/AttachLive/1cc81b10-1f7e-48e1-840b-aabe86fbe1ed.pdf
2025-08-27 20:29:46,556 - INFO - [corporate_announcements.py:121] - downloadPath = F://BSEReports//announcements//27082025//PdfReports//542649_RVNL_c15656e1-23e3-4976-b4d0-7e153046f8b6.pdf
2025-08-27 20:29:46,556 - INFO - [corporate_announcements.py:122] - fileName= 542649_RVNL_c15656e1-23e3-4976-b4d0-7e153046f8b6.pdf
2025-08-27 20:29:46,556 - INFO - [corporate_announcements.py:123] - attachmentUrl= https://www.bseindia.com/xml-data/corpfiling/AttachLive/c15656e1-23e3-4976-b4d0-7e153046f8b6.pdf
2025-08-27 20:29:47,010 - INFO - [corporate_announcements.py:121] - downloadPath = F://BSEReports//announcements//27082025//PdfReports//544081_JYOTICNC_5beb3028-3dac-405c-adf3-a776198f9236.pdf
2025-08-27 20:29:47,010 - INFO - [corporate_announcements.py:122] - fileName= 544081_JYOTICNC_5beb3028-3dac-405c-adf3-a776198f9236.pdf
2025-08-27 20:29:47,010 - INFO - [corporate_announcements.py:123] - attachmentUrl= https://www.bseindia.com/xml-data/corpfiling/AttachLive/5beb3028-3dac-405c-adf3-a776198f9236.pdf
2025-08-27 20:29:47,541 - INFO - [corporate_announcements.py:121] - downloadPath = F://BSEReports//announcements//27082025//PdfReports//539254_ADANIENSOL_08448862-6f8c-466c-b10e-6a29c31f4a9f.pdf
2025-08-27 20:29:47,541 - INFO - [corporate_announcements.py:122] - fileName= 539254_ADANIENSOL_08448862-6f8c-466c-b10e-6a29c31f4a9f.pdf
2025-08-27 20:29:47,541 - INFO - [corporate_announcements.py:123] - attachmentUrl= https://www.bseindia.com/xml-data/corpfiling/AttachLive/08448862-6f8c-466c-b10e-6a29c31f4a9f.pdf
2025-08-27 20:29:48,058 - INFO - [corporate_announcements.py:121] - downloadPath = F://BSEReports//announcements//27082025//PdfReports//526783_DRAGARWQ_cbeb56e1-6e78-4812-9c74-17ca75af0165.pdf
2025-08-27 20:29:48,059 - INFO - [corporate_announcements.py:122] - fileName= 526783_DRAGARWQ_cbeb56e1-6e78-4812-9c74-17ca75af0165.pdf
2025-08-27 20:29:48,059 - INFO - [corporate_announcements.py:123] - attachmentUrl= https://www.bseindia.com/xml-data/corpfiling/AttachLive/cbeb56e1-6e78-4812-9c74-17ca75af0165.pdf
2025-08-27 20:29:49,552 - INFO - [corporate_announcements.py:121] - downloadPath = F://BSEReports//announcements//27082025//PdfReports//540455_ESCORP_7278dd8f-619d-4146-bcbd-b86ea2d51613.pdf
2025-08-27 20:29:49,553 - INFO - [corporate_announcements.py:122] - fileName= 540455_ESCORP_7278dd8f-619d-4146-bcbd-b86ea2d51613.pdf
2025-08-27 20:29:49,553 - INFO - [corporate_announcements.py:123] - attachmentUrl= https://www.bseindia.com/xml-data/corpfiling/AttachLive/7278dd8f-619d-4146-bcbd-b86ea2d51613.pdf
2025-08-27 20:29:50,847 - INFO - [corporate_announcements.py:121] - downloadPath = F://BSEReports//announcements//27082025//PdfReports//540642_SALASAR_054cae7c-83ed-43cf-a6fe-b679abea993b.pdf
2025-08-27 20:29:50,848 - INFO - [corporate_announcements.py:122] - fileName= 540642_SALASAR_054cae7c-83ed-43cf-a6fe-b679abea993b.pdf
2025-08-27 20:29:50,848 - INFO - [corporate_announcements.py:123] - attachmentUrl= https://www.bseindia.com/xml-data/corpfiling/AttachLive/054cae7c-83ed-43cf-a6fe-b679abea993b.pdf
2025-08-27 20:29:51,718 - INFO - [corporate_announcements.py:121] - downloadPath = F://BSEReports//announcements//27082025//PdfReports//532011_POOJAENT_0d80adf4-c347-4aff-9399-55de481582bd.pdf
2025-08-27 20:29:51,718 - INFO - [corporate_announcements.py:122] - fileName= 532011_POOJAENT_0d80adf4-c347-4aff-9399-55de481582bd.pdf
2025-08-27 20:29:51,718 - INFO - [corporate_announcements.py:123] - attachmentUrl= https://www.bseindia.com/xml-data/corpfiling/AttachLive/0d80adf4-c347-4aff-9399-55de481582bd.pdf
2025-08-27 20:29:52,160 - INFO - [corporate_announcements.py:121] - downloadPath = F://BSEReports//announcements//27082025//PdfReports//543669_RUSTOMJEE_bd36916f-f684-4c83-8b6c-9faae1d6bd2e.pdf
2025-08-27 20:29:52,161 - INFO - [corporate_announcements.py:122] - fileName= 543669_RUSTOMJEE_bd36916f-f684-4c83-8b6c-9faae1d6bd2e.pdf
2025-08-27 20:29:52,161 - INFO - [corporate_announcements.py:123] - attachmentUrl= https://www.bseindia.com/xml-data/corpfiling/AttachLive/bd36916f-f684-4c83-8b6c-9faae1d6bd2e.pdf
2025-08-27 20:29:52,586 - INFO - [corporate_announcements.py:121] - downloadPath = F://BSEReports//announcements//27082025//PdfReports//544350_AGARWALEYE_c950e9b5-0cde-4ade-9808-ffd30a46e803.pdf
2025-08-27 20:29:52,586 - INFO - [corporate_announcements.py:122] - fileName= 544350_AGARWALEYE_c950e9b5-0cde-4ade-9808-ffd30a46e803.pdf
2025-08-27 20:29:52,586 - INFO - [corporate_announcements.py:123] - attachmentUrl= https://www.bseindia.com/xml-data/corpfiling/AttachLive/c950e9b5-0cde-4ade-9808-ffd30a46e803.pdf
2025-08-27 20:29:53,916 - INFO - [corporate_announcements.py:121] - downloadPath = F://BSEReports//announcements//27082025//PdfReports//544350_AGARWALEYE_8593adde-ce24-4a08-85db-65f997081473.pdf
2025-08-27 20:29:53,916 - INFO - [corporate_announcements.py:122] - fileName= 544350_AGARWALEYE_8593adde-ce24-4a08-85db-65f997081473.pdf
2025-08-27 20:29:53,916 - INFO - [corporate_announcements.py:123] - attachmentUrl= https://www.bseindia.com/xml-data/corpfiling/AttachLive/8593adde-ce24-4a08-85db-65f997081473.pdf
2025-08-27 20:29:54,736 - INFO - [corporate_announcements.py:121] - downloadPath = F://BSEReports//announcements//27082025//PdfReports//544209_BANSALWIRE_d063c2c0-7493-4a29-b47c-09c0e84e7c0b.pdf
2025-08-27 20:29:54,736 - INFO - [corporate_announcements.py:122] - fileName= 544209_BANSALWIRE_d063c2c0-7493-4a29-b47c-09c0e84e7c0b.pdf
2025-08-27 20:29:54,736 - INFO - [corporate_announcements.py:123] - attachmentUrl= https://www.bseindia.com/xml-data/corpfiling/AttachLive/d063c2c0-7493-4a29-b47c-09c0e84e7c0b.pdf
2025-08-27 20:29:56,277 - INFO - [corporate_announcements.py:121] - downloadPath = F://BSEReports//announcements//27082025//PdfReports//543310_TIMESGREEN_c0350a5a-1cd6-4935-9cd7-d1e3b7b72cf8.pdf
2025-08-27 20:29:56,278 - INFO - [corporate_announcements.py:122] - fileName= 543310_TIMESGREEN_c0350a5a-1cd6-4935-9cd7-d1e3b7b72cf8.pdf
2025-08-27 20:29:56,278 - INFO - [corporate_announcements.py:123] - attachmentUrl= https://www.bseindia.com/xml-data/corpfiling/AttachLive/c0350a5a-1cd6-4935-9cd7-d1e3b7b72cf8.pdf
2025-08-27 20:29:57,237 - INFO - [corporate_announcements.py:121] - downloadPath = F://BSEReports//announcements//27082025//PdfReports//532011_POOJAENT_423eace4-a945-4a50-b9ea-634976f15dca.pdf
2025-08-27 20:29:57,237 - INFO - [corporate_announcements.py:122] - fileName= 532011_POOJAENT_423eace4-a945-4a50-b9ea-634976f15dca.pdf
2025-08-27 20:29:57,237 - INFO - [corporate_announcements.py:123] - attachmentUrl= https://www.bseindia.com/xml-data/corpfiling/AttachLive/423eace4-a945-4a50-b9ea-634976f15dca.pdf
2025-08-27 20:29:59,318 - INFO - [corporate_announcements.py:121] - downloadPath = F://BSEReports//announcements//27082025//PdfReports//524212_WANBURY_3fc0708a-06d6-405d-8efd-3793bc1df1ec.pdf
2025-08-27 20:29:59,319 - INFO - [corporate_announcements.py:122] - fileName= 524212_WANBURY_3fc0708a-06d6-405d-8efd-3793bc1df1ec.pdf
2025-08-27 20:29:59,319 - INFO - [corporate_announcements.py:123] - attachmentUrl= https://www.bseindia.com/xml-data/corpfiling/AttachLive/3fc0708a-06d6-405d-8efd-3793bc1df1ec.pdf
2025-08-27 20:30:00,402 - INFO - [corporate_announcements.py:121] - downloadPath = F://BSEReports//announcements//27082025//PdfReports//544209_BANSALWIRE_4b1ff147-07f3-4818-ab8b-87e6f03eebac.pdf
2025-08-27 20:30:00,402 - INFO - [corporate_announcements.py:122] - fileName= 544209_BANSALWIRE_4b1ff147-07f3-4818-ab8b-87e6f03eebac.pdf
2025-08-27 20:30:00,403 - INFO - [corporate_announcements.py:123] - attachmentUrl= https://www.bseindia.com/xml-data/corpfiling/AttachLive/4b1ff147-07f3-4818-ab8b-87e6f03eebac.pdf
2025-08-27 20:30:01,536 - INFO - [corporate_announcements.py:121] - downloadPath = F://BSEReports//announcements//27082025//PdfReports//543669_RUSTOMJEE_cfcc2eb2-890a-4348-9280-e06db151e0a5.pdf
2025-08-27 20:30:01,536 - INFO - [corporate_announcements.py:122] - fileName= 543669_RUSTOMJEE_cfcc2eb2-890a-4348-9280-e06db151e0a5.pdf
2025-08-27 20:30:01,536 - INFO - [corporate_announcements.py:123] - attachmentUrl= https://www.bseindia.com/xml-data/corpfiling/AttachLive/cfcc2eb2-890a-4348-9280-e06db151e0a5.pdf
2025-08-27 20:30:02,728 - INFO - [corporate_announcements.py:121] - downloadPath = F://BSEReports//announcements//27082025//PdfReports//544209_BANSALWIRE_e70294fa-b9f0-4677-8ab9-0baf37b0118e.pdf
2025-08-27 20:30:02,728 - INFO - [corporate_announcements.py:122] - fileName= 544209_BANSALWIRE_e70294fa-b9f0-4677-8ab9-0baf37b0118e.pdf
2025-08-27 20:30:02,728 - INFO - [corporate_announcements.py:123] - attachmentUrl= https://www.bseindia.com/xml-data/corpfiling/AttachLive/e70294fa-b9f0-4677-8ab9-0baf37b0118e.pdf
2025-08-27 20:30:04,001 - INFO - [corporate_announcements.py:121] - downloadPath = F://BSEReports//announcements//27082025//PdfReports//543686_SIRCA_26bfd6d6-24bf-471c-8a98-f387b470e689.pdf
2025-08-27 20:30:04,001 - INFO - [corporate_announcements.py:122] - fileName= 543686_SIRCA_26bfd6d6-24bf-471c-8a98-f387b470e689.pdf
2025-08-27 20:30:04,001 - INFO - [corporate_announcements.py:123] - attachmentUrl= https://www.bseindia.com/xml-data/corpfiling/AttachLive/26bfd6d6-24bf-471c-8a98-f387b470e689.pdf
2025-08-27 20:30:04,629 - INFO - [corporate_announcements.py:121] - downloadPath = F://BSEReports//announcements//27082025//PdfReports//514142_TTL_4f7b2faa-10e2-4502-ac07-c824ff200696.pdf
2025-08-27 20:30:04,630 - INFO - [corporate_announcements.py:122] - fileName= 514142_TTL_4f7b2faa-10e2-4502-ac07-c824ff200696.pdf
2025-08-27 20:30:04,630 - INFO - [corporate_announcements.py:123] - attachmentUrl= https://www.bseindia.com/xml-data/corpfiling/AttachLive/4f7b2faa-10e2-4502-ac07-c824ff200696.pdf
2025-08-27 20:30:06,462 - INFO - [corporate_announcements.py:121] - downloadPath = F://BSEReports//announcements//27082025//PdfReports//522195_FRONTSP_fb3999c7-1e4a-40c5-996c-c5bbc270192e.pdf
2025-08-27 20:30:06,462 - INFO - [corporate_announcements.py:122] - fileName= 522195_FRONTSP_fb3999c7-1e4a-40c5-996c-c5bbc270192e.pdf
2025-08-27 20:30:06,462 - INFO - [corporate_announcements.py:123] - attachmentUrl= https://www.bseindia.com/xml-data/corpfiling/AttachLive/fb3999c7-1e4a-40c5-996c-c5bbc270192e.pdf
2025-08-27 20:30:07,474 - INFO - [corporate_announcements.py:121] - downloadPath = F://BSEReports//announcements//27082025//PdfReports//506248_AMNPLST_d12125aa-c105-4dfa-ac7a-37ec4bbda698.pdf
2025-08-27 20:30:07,474 - INFO - [corporate_announcements.py:122] - fileName= 506248_AMNPLST_d12125aa-c105-4dfa-ac7a-37ec4bbda698.pdf
2025-08-27 20:30:07,474 - INFO - [corporate_announcements.py:123] - attachmentUrl= https://www.bseindia.com/xml-data/corpfiling/AttachLive/d12125aa-c105-4dfa-ac7a-37ec4bbda698.pdf
2025-08-27 20:30:08,124 - INFO - [corporate_announcements.py:121] - downloadPath = F://BSEReports//announcements//27082025//PdfReports//541153_BANDHANBNK_b17ffd56-26ed-4f34-a266-4bf9d261bbf7.pdf
2025-08-27 20:30:08,125 - INFO - [corporate_announcements.py:122] - fileName= 541153_BANDHANBNK_b17ffd56-26ed-4f34-a266-4bf9d261bbf7.pdf
2025-08-27 20:30:08,125 - INFO - [corporate_announcements.py:123] - attachmentUrl= https://www.bseindia.com/xml-data/corpfiling/AttachLive/b17ffd56-26ed-4f34-a266-4bf9d261bbf7.pdf
2025-08-27 20:30:08,418 - INFO - [corporate_announcements.py:121] - downloadPath = F://BSEReports//announcements//27082025//PdfReports//542933_UNIVPHOTO_ed53f02d-31f6-407e-a0da-117c4865d427.pdf
2025-08-27 20:30:08,419 - INFO - [corporate_announcements.py:122] - fileName= 542933_UNIVPHOTO_ed53f02d-31f6-407e-a0da-117c4865d427.pdf
2025-08-27 20:30:08,419 - INFO - [corporate_announcements.py:123] - attachmentUrl= https://www.bseindia.com/xml-data/corpfiling/AttachLive/ed53f02d-31f6-407e-a0da-117c4865d427.pdf
2025-08-27 20:30:08,748 - INFO - [corporate_announcements.py:121] - downloadPath = F://BSEReports//announcements//27082025//PdfReports//517498_WEBELSOLAR_6f5e39a9-c0a0-4c99-964f-e265d5b93867.pdf
2025-08-27 20:30:08,748 - INFO - [corporate_announcements.py:122] - fileName= 517498_WEBELSOLAR_6f5e39a9-c0a0-4c99-964f-e265d5b93867.pdf
2025-08-27 20:30:08,748 - INFO - [corporate_announcements.py:123] - attachmentUrl= https://www.bseindia.com/xml-data/corpfiling/AttachLive/6f5e39a9-c0a0-4c99-964f-e265d5b93867.pdf
2025-08-27 20:30:09,099 - INFO - [corporate_announcements.py:121] - downloadPath = F://BSEReports//announcements//27082025//PdfReports//532898_POWERGRID_df547657-b1d7-402d-bdaf-9d8850ccd46c.pdf
2025-08-27 20:30:09,100 - INFO - [corporate_announcements.py:122] - fileName= 532898_POWERGRID_df547657-b1d7-402d-bdaf-9d8850ccd46c.pdf
2025-08-27 20:30:09,100 - INFO - [corporate_announcements.py:123] - attachmentUrl= https://www.bseindia.com/xml-data/corpfiling/AttachLive/df547657-b1d7-402d-bdaf-9d8850ccd46c.pdf
2025-08-27 20:30:11,175 - INFO - [corporate_announcements.py:121] - downloadPath = F://BSEReports//announcements//27082025//PdfReports//532375_TIPSMUSIC_1be3e10b-7501-433d-8945-130b141cd29d.pdf
2025-08-27 20:30:11,175 - INFO - [corporate_announcements.py:122] - fileName= 532375_TIPSMUSIC_1be3e10b-7501-433d-8945-130b141cd29d.pdf
2025-08-27 20:30:11,175 - INFO - [corporate_announcements.py:123] - attachmentUrl= https://www.bseindia.com/xml-data/corpfiling/AttachLive/1be3e10b-7501-433d-8945-130b141cd29d.pdf
2025-08-27 20:30:12,276 - INFO - [corporate_announcements.py:121] - downloadPath = F://BSEReports//announcements//27082025//PdfReports//535789_SAMMAANCAP_3aa48c98-1f86-465e-8121-04ee541b442d.pdf
2025-08-27 20:30:12,276 - INFO - [corporate_announcements.py:122] - fileName= 535789_SAMMAANCAP_3aa48c98-1f86-465e-8121-04ee541b442d.pdf
2025-08-27 20:30:12,276 - INFO - [corporate_announcements.py:123] - attachmentUrl= https://www.bseindia.com/xml-data/corpfiling/AttachLive/3aa48c98-1f86-465e-8121-04ee541b442d.pdf
2025-08-27 20:30:12,515 - INFO - [corporate_announcements.py:121] - downloadPath = F://BSEReports//announcements//27082025//PdfReports//526783_DRAGARWQ_42772efa-531e-4431-8773-f518fe3d18bd.pdf
2025-08-27 20:30:12,516 - INFO - [corporate_announcements.py:122] - fileName= 526783_DRAGARWQ_42772efa-531e-4431-8773-f518fe3d18bd.pdf
2025-08-27 20:30:12,516 - INFO - [corporate_announcements.py:123] - attachmentUrl= https://www.bseindia.com/xml-data/corpfiling/AttachLive/42772efa-531e-4431-8773-f518fe3d18bd.pdf
2025-08-27 20:30:13,123 - INFO - [corporate_announcements.py:121] - downloadPath = F://BSEReports//announcements//27082025//PdfReports//544350_AGARWALEYE_bf9c820f-c531-4391-99c9-d9273781d119.pdf
2025-08-27 20:30:13,123 - INFO - [corporate_announcements.py:122] - fileName= 544350_AGARWALEYE_bf9c820f-c531-4391-99c9-d9273781d119.pdf
2025-08-27 20:30:13,124 - INFO - [corporate_announcements.py:123] - attachmentUrl= https://www.bseindia.com/xml-data/corpfiling/AttachLive/bf9c820f-c531-4391-99c9-d9273781d119.pdf
2025-08-27 20:30:13,868 - INFO - [corporate_announcements.py:121] - downloadPath = F://BSEReports//announcements//27082025//PdfReports//535789_SAMMAANCAP_1386fd11-e60d-470e-9d0f-f24c84c9f3a2.pdf
2025-08-27 20:30:13,869 - INFO - [corporate_announcements.py:122] - fileName= 535789_SAMMAANCAP_1386fd11-e60d-470e-9d0f-f24c84c9f3a2.pdf
2025-08-27 20:30:13,869 - INFO - [corporate_announcements.py:123] - attachmentUrl= https://www.bseindia.com/xml-data/corpfiling/AttachLive/1386fd11-e60d-470e-9d0f-f24c84c9f3a2.pdf
2025-08-27 20:30:14,186 - INFO - [corporate_announcements.py:121] - downloadPath = F://BSEReports//announcements//27082025//PdfReports//537750_KIRANVYPAR_55fdbe05-402b-4810-b809-fe49b4b2572f.pdf
2025-08-27 20:30:14,186 - INFO - [corporate_announcements.py:122] - fileName= 537750_KIRANVYPAR_55fdbe05-402b-4810-b809-fe49b4b2572f.pdf
2025-08-27 20:30:14,186 - INFO - [corporate_announcements.py:123] - attachmentUrl= https://www.bseindia.com/xml-data/corpfiling/AttachLive/55fdbe05-402b-4810-b809-fe49b4b2572f.pdf
2025-08-27 20:30:14,872 - INFO - [corporate_announcements.py:121] - downloadPath = F://BSEReports//announcements//27082025//PdfReports//519413_DATIWARE_b6aa5f33-594a-4935-b939-fff78c9d9b54.pdf
2025-08-27 20:30:14,873 - INFO - [corporate_announcements.py:122] - fileName= 519413_DATIWARE_b6aa5f33-594a-4935-b939-fff78c9d9b54.pdf
2025-08-27 20:30:14,873 - INFO - [corporate_announcements.py:123] - attachmentUrl= https://www.bseindia.com/xml-data/corpfiling/AttachLive/b6aa5f33-594a-4935-b939-fff78c9d9b54.pdf
2025-08-27 20:30:15,284 - INFO - [corporate_announcements.py:121] - downloadPath = F://BSEReports//announcements//27082025//PdfReports//519413_DATIWARE_84e2c891-8f5c-482d-944a-28648cd3c290.pdf
2025-08-27 20:30:15,284 - INFO - [corporate_announcements.py:122] - fileName= 519413_DATIWARE_84e2c891-8f5c-482d-944a-28648cd3c290.pdf
2025-08-27 20:30:15,284 - INFO - [corporate_announcements.py:123] - attachmentUrl= https://www.bseindia.com/xml-data/corpfiling/AttachLive/84e2c891-8f5c-482d-944a-28648cd3c290.pdf
2025-08-27 20:30:15,767 - INFO - [corporate_announcements.py:121] - downloadPath = F://BSEReports//announcements//27082025//PdfReports//531168_ASSOCER_aced6a02-2ca8-4a09-bdb0-3c5f5076c2c1.pdf
2025-08-27 20:30:15,817 - INFO - [corporate_announcements.py:122] - fileName= 531168_ASSOCER_aced6a02-2ca8-4a09-bdb0-3c5f5076c2c1.pdf
2025-08-27 20:30:15,817 - INFO - [corporate_announcements.py:123] - attachmentUrl= https://www.bseindia.com/xml-data/corpfiling/AttachLive/aced6a02-2ca8-4a09-bdb0-3c5f5076c2c1.pdf
2025-08-27 20:30:16,377 - INFO - [corporate_announcements.py:121] - downloadPath = F://BSEReports//announcements//27082025//PdfReports//519413_DATIWARE_49f96422-09b5-4d3d-8153-7b73cdc5027c.pdf
2025-08-27 20:30:16,378 - INFO - [corporate_announcements.py:122] - fileName= 519413_DATIWARE_49f96422-09b5-4d3d-8153-7b73cdc5027c.pdf
2025-08-27 20:30:16,378 - INFO - [corporate_announcements.py:123] - attachmentUrl= https://www.bseindia.com/xml-data/corpfiling/AttachLive/49f96422-09b5-4d3d-8153-7b73cdc5027c.pdf
2025-08-27 20:30:17,334 - INFO - [corporate_announcements.py:121] - downloadPath = F://BSEReports//announcements//27082025//PdfReports//535789_SAMMAANCAP_28c92279-b9e6-4fdd-a5ed-8839075755fd.pdf
2025-08-27 20:30:17,334 - INFO - [corporate_announcements.py:122] - fileName= 535789_SAMMAANCAP_28c92279-b9e6-4fdd-a5ed-8839075755fd.pdf
2025-08-27 20:30:17,334 - INFO - [corporate_announcements.py:123] - attachmentUrl= https://www.bseindia.com/xml-data/corpfiling/AttachLive/28c92279-b9e6-4fdd-a5ed-8839075755fd.pdf
2025-08-27 20:30:17,839 - INFO - [corporate_announcements.py:121] - downloadPath = F://BSEReports//announcements//27082025//PdfReports//524372_ORCHPHARMA_f3140034-0e8e-40ae-8267-76081506c6b5.pdf
2025-08-27 20:30:18,508 - INFO - [corporate_announcements.py:122] - fileName= 524372_ORCHPHARMA_f3140034-0e8e-40ae-8267-76081506c6b5.pdf
2025-08-27 20:30:18,508 - INFO - [corporate_announcements.py:123] - attachmentUrl= https://www.bseindia.com/xml-data/corpfiling/AttachLive/f3140034-0e8e-40ae-8267-76081506c6b5.pdf
2025-08-27 20:30:19,251 - INFO - [corporate_announcements.py:121] - downloadPath = F://BSEReports//announcements//27082025//PdfReports//544350_AGARWALEYE_ca1283dc-1c23-4524-b0d5-22d442d60cb8.pdf
2025-08-27 20:30:19,252 - INFO - [corporate_announcements.py:122] - fileName= 544350_AGARWALEYE_ca1283dc-1c23-4524-b0d5-22d442d60cb8.pdf
2025-08-27 20:30:19,252 - INFO - [corporate_announcements.py:123] - attachmentUrl= https://www.bseindia.com/xml-data/corpfiling/AttachLive/ca1283dc-1c23-4524-b0d5-22d442d60cb8.pdf
2025-08-27 20:30:19,963 - INFO - [corporate_announcements.py:121] - downloadPath = F://BSEReports//announcements//27082025//PdfReports//531168_ASSOCER_e266dc95-abb0-4856-99a9-536f815e344a.pdf
2025-08-27 20:30:19,963 - INFO - [corporate_announcements.py:122] - fileName= 531168_ASSOCER_e266dc95-abb0-4856-99a9-536f815e344a.pdf
2025-08-27 20:30:19,963 - INFO - [corporate_announcements.py:123] - attachmentUrl= https://www.bseindia.com/xml-data/corpfiling/AttachLive/e266dc95-abb0-4856-99a9-536f815e344a.pdf
2025-08-27 20:30:30,236 - INFO - [corporate_announcements.py:121] - downloadPath = F://BSEReports//announcements//27082025//PdfReports//531168_ASSOCER_e217c495-4f2d-47ab-8219-6941ac3125fa.pdf
2025-08-27 20:30:30,237 - INFO - [corporate_announcements.py:122] - fileName= 531168_ASSOCER_e217c495-4f2d-47ab-8219-6941ac3125fa.pdf
2025-08-27 20:30:30,237 - INFO - [corporate_announcements.py:123] - attachmentUrl= https://www.bseindia.com/xml-data/corpfiling/AttachLive/e217c495-4f2d-47ab-8219-6941ac3125fa.pdf
2025-08-27 20:30:30,539 - INFO - [corporate_announcements.py:121] - downloadPath = F://BSEReports//announcements//27082025//PdfReports//532780_PARSVNATH_8bdff97c-127b-43cd-8863-284aa7865b19.pdf
2025-08-27 20:30:30,539 - INFO - [corporate_announcements.py:122] - fileName= 532780_PARSVNATH_8bdff97c-127b-43cd-8863-284aa7865b19.pdf
2025-08-27 20:30:30,540 - INFO - [corporate_announcements.py:123] - attachmentUrl= https://www.bseindia.com/xml-data/corpfiling/AttachLive/8bdff97c-127b-43cd-8863-284aa7865b19.pdf
2025-08-27 20:30:31,291 - INFO - [corporate_announcements.py:121] - downloadPath = F://BSEReports//announcements//27082025//PdfReports//531168_ASSOCER_45048ef0-71d8-448d-bbf3-4cf583fc4539.pdf
2025-08-27 20:30:31,291 - INFO - [corporate_announcements.py:122] - fileName= 531168_ASSOCER_45048ef0-71d8-448d-bbf3-4cf583fc4539.pdf
2025-08-27 20:30:31,291 - INFO - [corporate_announcements.py:123] - attachmentUrl= https://www.bseindia.com/xml-data/corpfiling/AttachLive/45048ef0-71d8-448d-bbf3-4cf583fc4539.pdf
2025-08-27 20:30:31,651 - INFO - [corporate_announcements.py:121] - downloadPath = F://BSEReports//announcements//27082025//PdfReports//531887_TACENT_7dcedfe2-b26d-4bfa-afb4-64b1275fbec0.pdf
2025-08-27 20:30:31,651 - INFO - [corporate_announcements.py:122] - fileName= 531887_TACENT_7dcedfe2-b26d-4bfa-afb4-64b1275fbec0.pdf
2025-08-27 20:30:31,652 - INFO - [corporate_announcements.py:123] - attachmentUrl= https://www.bseindia.com/xml-data/corpfiling/AttachLive/7dcedfe2-b26d-4bfa-afb4-64b1275fbec0.pdf
2025-08-27 20:30:31,984 - INFO - [corporate_announcements.py:121] - downloadPath = F://BSEReports//announcements//27082025//PdfReports//543317_GRINFRA_35eec16a-b0cf-413a-afbc-8765be2b2330.pdf
2025-08-27 20:30:31,985 - INFO - [corporate_announcements.py:122] - fileName= 543317_GRINFRA_35eec16a-b0cf-413a-afbc-8765be2b2330.pdf
2025-08-27 20:30:31,985 - INFO - [corporate_announcements.py:123] - attachmentUrl= https://www.bseindia.com/xml-data/corpfiling/AttachLive/35eec16a-b0cf-413a-afbc-8765be2b2330.pdf
2025-08-27 20:30:32,358 - INFO - [corporate_announcements.py:121] - downloadPath = F://BSEReports//announcements//27082025//PdfReports//531168_ASSOCER_d5474ca2-6693-4751-9eb8-98ec6025bb76.pdf
2025-08-27 20:30:32,358 - INFO - [corporate_announcements.py:122] - fileName= 531168_ASSOCER_d5474ca2-6693-4751-9eb8-98ec6025bb76.pdf
2025-08-27 20:30:32,358 - INFO - [corporate_announcements.py:123] - attachmentUrl= https://www.bseindia.com/xml-data/corpfiling/AttachLive/d5474ca2-6693-4751-9eb8-98ec6025bb76.pdf
2025-08-27 20:30:32,677 - INFO - [corporate_announcements.py:121] - downloadPath = F://BSEReports//announcements//27082025//PdfReports//526532_SFPIL_215c0d6a-ec84-4e9f-8cea-a11083ee8f27.pdf
2025-08-27 20:30:32,677 - INFO - [corporate_announcements.py:122] - fileName= 526532_SFPIL_215c0d6a-ec84-4e9f-8cea-a11083ee8f27.pdf
2025-08-27 20:30:32,677 - INFO - [corporate_announcements.py:123] - attachmentUrl= https://www.bseindia.com/xml-data/corpfiling/AttachLive/215c0d6a-ec84-4e9f-8cea-a11083ee8f27.pdf
2025-08-27 20:30:33,618 - INFO - [corporate_announcements.py:121] - downloadPath = F://BSEReports//announcements//27082025//PdfReports//540774_IFGLEXPOR_28523445-3f42-4d36-a3eb-e271f91507db.pdf
2025-08-27 20:30:33,619 - INFO - [corporate_announcements.py:122] - fileName= 540774_IFGLEXPOR_28523445-3f42-4d36-a3eb-e271f91507db.pdf
2025-08-27 20:30:33,619 - INFO - [corporate_announcements.py:123] - attachmentUrl= https://www.bseindia.com/xml-data/corpfiling/AttachLive/28523445-3f42-4d36-a3eb-e271f91507db.pdf
2025-08-27 20:30:33,930 - INFO - [corporate_announcements.py:66] - Completed writing data to CSV
2025-08-27 20:30:33,930 - INFO - [corporate_announcements.py:67] - Successfully Saved the file to specified directory F://BSEReports//announcements//27082025//bse_ALL_ANNOUNCEMENTS_data_27082025_202943.csv
2025-08-27 20:45:25,087 - INFO - [exection.py:64] - Ended process time end_time = 1756307725.0872571
2025-08-27 20:45:25,088 - INFO - [exection.py:67] - Elapsed time: 15.70 minutes
